Archive member included to satisfy reference by file (symbol)

libbb/lib.a(appletlib.o)      /usr/lib/gcc-cross/arm-linux-gnueabi/7/../../../../arm-linux-gnueabi/lib/../lib/crt1.o (main)
libbb/lib.a(compare_string_array.o)
                              libbb/lib.a(appletlib.o) (is_prefixed_with)
libbb/lib.a(concat_path_file.o)
                              libbb/lib.a(appletlib.o) (concat_path_file)
libbb/lib.a(default_error_retval.o)
                              libbb/lib.a(appletlib.o) (xfunc_error_retval)
libbb/lib.a(get_last_path_component.o)
                              libbb/lib.a(appletlib.o) (bb_basename)
libbb/lib.a(last_char_is.o)   libbb/lib.a(concat_path_file.o) (last_char_is)
libbb/lib.a(llist.o)          libbb/lib.a(appletlib.o) (llist_free)
libbb/lib.a(messages.o)       libbb/lib.a(appletlib.o) (bb_busybox_exec_path)
libbb/lib.a(perror_msg.o)     libbb/lib.a(appletlib.o) (bb_perror_msg_and_die)
libbb/lib.a(ptr_to_globals.o)
                              libbb/lib.a(appletlib.o) (bb_errno)
libbb/lib.a(skip_whitespace.o)
                              libbb/lib.a(appletlib.o) (skip_whitespace)
libbb/lib.a(verror_msg.o)     libbb/lib.a(perror_msg.o) (bb_verror_msg)
libbb/lib.a(wfopen.o)         libbb/lib.a(appletlib.o) (fopen_for_read)
libbb/lib.a(xfunc_die.o)      libbb/lib.a(appletlib.o) (xfunc_die)
libbb/lib.a(xfuncs.o)         libbb/lib.a(appletlib.o) (full_write2_str)
libbb/lib.a(xfuncs_printf.o)  libbb/lib.a(appletlib.o) (malloc_or_warn)
libbb/lib.a(xreadlink.o)      libbb/lib.a(appletlib.o) (xmalloc_readlink)
libbb/lib.a(copyfd.o)         libbb/lib.a(xfuncs_printf.o) (bb_copyfd_eof)
libbb/lib.a(full_write.o)     libbb/lib.a(verror_msg.o) (full_write)
libbb/lib.a(read.o)           libbb/lib.a(copyfd.o) (safe_read)
libbb/lib.a(safe_write.o)     libbb/lib.a(full_write.o) (safe_write)
libbb/lib.a(signals.o)        libbb/lib.a(xfuncs_printf.o) (kill_myself_with_sig)
libbb/lib.a(time.o)           libbb/lib.a(xfuncs_printf.o) (monotonic_us)
libbb/lib.a(bb_strtonum.o)    libbb/lib.a(time.o) (bb_strtol)
libpwdgrp/lib.a(pwd_grp.o)    libbb/lib.a(appletlib.o) (bb_internal_getpwnam)
libpwdgrp/lib.a(uidgid_get.o)
                              libbb/lib.a(appletlib.o) (get_uidgid)
loginutils/lib.a(add-remove-shell.o)
                              libbb/lib.a(appletlib.o) (add_remove_shell_main)
loginutils/lib.a(addgroup.o)  libbb/lib.a(appletlib.o) (addgroup_main)
loginutils/lib.a(adduser.o)   libbb/lib.a(appletlib.o) (adduser_main)
loginutils/lib.a(chpasswd.o)  libbb/lib.a(appletlib.o) (chpasswd_main)
loginutils/lib.a(cryptpw.o)   libbb/lib.a(appletlib.o) (cryptpw_main)
loginutils/lib.a(deluser.o)   libbb/lib.a(appletlib.o) (deluser_main)
loginutils/lib.a(getty.o)     libbb/lib.a(appletlib.o) (getty_main)
loginutils/lib.a(login.o)     libbb/lib.a(appletlib.o) (login_main)
loginutils/lib.a(passwd.o)    libbb/lib.a(appletlib.o) (passwd_main)
loginutils/lib.a(su.o)        libbb/lib.a(appletlib.o) (su_main)
loginutils/lib.a(sulogin.o)   libbb/lib.a(appletlib.o) (sulogin_main)
loginutils/lib.a(vlock.o)     libbb/lib.a(appletlib.o) (vlock_main)
mailutils/lib.a(makemime.o)   libbb/lib.a(appletlib.o) (makemime_main)
mailutils/lib.a(popmaildir.o)
                              libbb/lib.a(appletlib.o) (popmaildir_main)
mailutils/lib.a(reformime.o)  libbb/lib.a(appletlib.o) (reformime_main)
mailutils/lib.a(sendmail.o)   libbb/lib.a(appletlib.o) (sendmail_main)
mailutils/lib.a(mail.o)       mailutils/lib.a(popmaildir.o) (launch_helper)
miscutils/lib.a(adjtimex.o)   libbb/lib.a(appletlib.o) (adjtimex_main)
miscutils/lib.a(beep.o)       libbb/lib.a(appletlib.o) (beep_main)
miscutils/lib.a(chat.o)       libbb/lib.a(appletlib.o) (chat_main)
miscutils/lib.a(conspy.o)     libbb/lib.a(appletlib.o) (conspy_main)
miscutils/lib.a(crond.o)      libbb/lib.a(appletlib.o) (crond_main)
miscutils/lib.a(crontab.o)    libbb/lib.a(appletlib.o) (crontab_main)
miscutils/lib.a(dc.o)         libbb/lib.a(appletlib.o) (dc_main)
miscutils/lib.a(devmem.o)     libbb/lib.a(appletlib.o) (devmem_main)
miscutils/lib.a(fbsplash.o)   libbb/lib.a(appletlib.o) (fbsplash_main)
miscutils/lib.a(hdparm.o)     libbb/lib.a(appletlib.o) (hdparm_main)
miscutils/lib.a(i2c_tools.o)  libbb/lib.a(appletlib.o) (i2cget_main)
miscutils/lib.a(less.o)       libbb/lib.a(appletlib.o) (less_main)
miscutils/lib.a(lsscsi.o)     libbb/lib.a(appletlib.o) (lsscsi_main)
miscutils/lib.a(makedevs.o)   libbb/lib.a(appletlib.o) (makedevs_main)
miscutils/lib.a(man.o)        libbb/lib.a(appletlib.o) (man_main)
miscutils/lib.a(microcom.o)   libbb/lib.a(appletlib.o) (microcom_main)
miscutils/lib.a(mt.o)         libbb/lib.a(appletlib.o) (mt_main)
miscutils/lib.a(nandwrite.o)  libbb/lib.a(appletlib.o) (nandwrite_main)
miscutils/lib.a(partprobe.o)  libbb/lib.a(appletlib.o) (partprobe_main)
miscutils/lib.a(raidautorun.o)
                              libbb/lib.a(appletlib.o) (raidautorun_main)
miscutils/lib.a(readahead.o)  libbb/lib.a(appletlib.o) (readahead_main)
[...]
Memory Configuration

Name             Origin             Length             Attributes
*default*        0x0000000000000000 0xffffffffffffffff

Linker script and memory map

LOAD /usr/lib/gcc-cross/arm-linux-gnueabi/7/../../../../arm-linux-gnueabi/lib/../lib/crt1.o
LOAD /usr/lib/gcc-cross/arm-linux-gnueabi/7/../../../../arm-linux-gnueabi/lib/../lib/crti.o
LOAD /usr/lib/gcc-cross/arm-linux-gnueabi/7/crtbegin.o
START GROUP
LOAD applets/built-in.o
LOAD archival/lib.a
LOAD archival/libarchive/lib.a
LOAD console-tools/lib.a
LOAD coreutils/lib.a
LOAD coreutils/libcoreutils/lib.a
LOAD debianutils/lib.a
LOAD e2fsprogs/lib.a
LOAD editors/lib.a
LOAD findutils/lib.a
LOAD init/lib.a
LOAD libbb/lib.a
LOAD libpwdgrp/lib.a
LOAD loginutils/lib.a
LOAD mailutils/lib.a
LOAD miscutils/lib.a
LOAD modutils/lib.a
LOAD networking/lib.a
LOAD networking/libiproute/lib.a
LOAD networking/udhcp/lib.a
LOAD printutils/lib.a
LOAD procps/lib.a
LOAD runit/lib.a
LOAD selinux/lib.a
LOAD shell/lib.a
LOAD sysklogd/lib.a
LOAD util-linux/lib.a
LOAD util-linux/volume_id/lib.a
LOAD archival/built-in.o
LOAD archival/libarchive/built-in.o
LOAD console-tools/built-in.o
LOAD coreutils/built-in.o
LOAD coreutils/libcoreutils/built-in.o
LOAD debianutils/built-in.o
LOAD e2fsprogs/built-in.o
LOAD editors/built-in.o
LOAD findutils/built-in.o
LOAD init/built-in.o
LOAD libbb/built-in.o
LOAD libpwdgrp/built-in.o
LOAD loginutils/built-in.o
LOAD mailutils/built-in.o
LOAD miscutils/built-in.o
LOAD modutils/built-in.o
LOAD networking/built-in.o
LOAD networking/libiproute/built-in.o
LOAD networking/udhcp/built-in.o
LOAD printutils/built-in.o
LOAD procps/built-in.o
LOAD runit/built-in.o
LOAD selinux/built-in.o
LOAD shell/built-in.o
LOAD sysklogd/built-in.o
LOAD util-linux/built-in.o
LOAD util-linux/volume_id/built-in.o
END GROUP
START GROUP
LOAD /usr/lib/gcc-cross/arm-linux-gnueabi/7/../../../../arm-linux-gnueabi/lib/../lib/libm.so
END GROUP
LOAD /usr/lib/gcc-cross/arm-linux-gnueabi/7/libgcc.a
LOAD /usr/lib/gcc-cross/arm-linux-gnueabi/7/libgcc_eh.a
LOAD /usr/lib/gcc-cross/arm-linux-gnueabi/7/../../../../arm-linux-gnueabi/lib/../lib/libc.so
START GROUP
LOAD /usr/arm-linux-gnueabi/lib/libc.so.6
LOAD /usr/arm-linux-gnueabi/lib/libc_nonshared.a
LOAD /usr/arm-linux-gnueabi/lib/ld-linux.so.3
END GROUP
LOAD /usr/lib/gcc-cross/arm-linux-gnueabi/7/libgcc.a
LOAD /usr/lib/gcc-cross/arm-linux-gnueabi/7/libgcc_eh.a
LOAD /usr/lib/gcc-cross/arm-linux-gnueabi/7/crtend.o
LOAD /usr/lib/gcc-cross/arm-linux-gnueabi/7/../../../../arm-linux-gnueabi/lib/../lib/crtn.o
                [!provide]                        PROVIDE (__executable_start = SEGMENT_START ("text-segment", 0x10000))
                0x0000000000010154                . = (SEGMENT_START ("text-segment", 0x10000) + SIZEOF_HEADERS)

.interp         0x0000000000010154       0x13
 *(SORT_BY_ALIGNMENT(.interp))
 .interp        0x0000000000010154       0x13 /usr/lib/gcc-cross/arm-linux-gnueabi/7/../../../../arm-linux-gnueabi/lib/../lib/crt1.o

.note.ABI-tag   0x0000000000010168       0x20
 .note.ABI-tag  0x0000000000010168       0x20 /usr/lib/gcc-cross/arm-linux-gnueabi/7/../../../../arm-linux-gnueabi/lib/../lib/crt1.o

.note.gnu.build-id
                0x0000000000010188       0x24
 *(SORT_BY_ALIGNMENT(.note.gnu.build-id))
 .note.gnu.build-id
                0x0000000000010188       0x24 linker stubs

.hash
 *(SORT_BY_ALIGNMENT(.hash))

.gnu.hash       0x00000000000101ac      0xc4c
 *(SORT_BY_ALIGNMENT(.gnu.hash))
 .gnu.hash      0x00000000000101ac      0xc4c /usr/lib/gcc-cross/arm-linux-gnueabi/7/../../../../arm-linux-gnueabi/lib/../lib/crt1.o

.dynsym         0x0000000000010df8     0x18c0
 *(SORT_BY_ALIGNMENT(.dynsym))
 .dynsym        0x0000000000010df8     0x18c0 /usr/lib/gcc-cross/arm-linux-gnueabi/7/../../../../arm-linux-gnueabi/lib/../lib/crt1.o

.dynstr         0x00000000000126b8      0xe0d
 *(SORT_BY_ALIGNMENT(.dynstr))
 .dynstr        0x00000000000126b8      0xe0d /usr/lib/gcc-cross/arm-linux-gnueabi/7/../../../../arm-linux-gnueabi/lib/../lib/crt1.o

.gnu.version    0x00000000000134c6      0x318
 *(SORT_BY_ALIGNMENT(.gnu.version))
 .gnu.version   0x00000000000134c6      0x318 /usr/lib/gcc-cross/arm-linux-gnueabi/7/../../../../arm-linux-gnueabi/lib/../lib/crt1.o

.gnu.version_d  0x00000000000137e0        0x0
 *(SORT_BY_ALIGNMENT(.gnu.version_d))
 .gnu.version_d
                0x00000000000137e0        0x0 /usr/lib/gcc-cross/arm-linux-gnueabi/7/../../../../arm-linux-gnueabi/lib/../lib/crt1.o

.gnu.version_r  0x00000000000137e0       0xd0
 *(SORT_BY_ALIGNMENT(.gnu.version_r))
 .gnu.version_r
                0x00000000000137e0       0xd0 /usr/lib/gcc-cross/arm-linux-gnueabi/7/../../../../arm-linux-gnueabi/lib/../lib/crt1.o

.rel.dyn        0x00000000000138b0       0x50
 *(SORT_BY_ALIGNMENT(.rel.init))
 *(SORT_BY_ALIGNMENT(.rel.text) SORT_BY_ALIGNMENT(.rel.text.*) SORT_BY_ALIGNMENT(.rel.gnu.linkonce.t.*))
 *(SORT_BY_ALIGNMENT(.rel.fini))
 *(SORT_BY_ALIGNMENT(.rel.rodata) SORT_BY_ALIGNMENT(.rel.rodata.*) SORT_BY_ALIGNMENT(.rel.gnu.linkonce.r.*))
 *(SORT_BY_ALIGNMENT(.rel.data.rel.ro) SORT_BY_ALIGNMENT(.rel.data.rel.ro.*) SORT_BY_ALIGNMENT(.rel.gnu.linkonce.d.rel.ro.*))
 .rel.data.rel.ro
                0x00000000000138b0        0x8 /usr/lib/gcc-cross/arm-linux-gnueabi/7/../../../../arm-linux-gnueabi/lib/../lib/crt1.o
 *(SORT_BY_ALIGNMENT(.rel.data) SORT_BY_ALIGNMENT(.rel.data.*) SORT_BY_ALIGNMENT(.rel.gnu.linkonce.d.*))
 *(SORT_BY_ALIGNMENT(.rel.tdata) SORT_BY_ALIGNMENT(.rel.tdata.*) SORT_BY_ALIGNMENT(.rel.gnu.linkonce.td.*))
 *(SORT_BY_ALIGNMENT(.rel.tbss) SORT_BY_ALIGNMENT(.rel.tbss.*) SORT_BY_ALIGNMENT(.rel.gnu.linkonce.tb.*))
 *(SORT_BY_ALIGNMENT(.rel.ctors))
 *(SORT_BY_ALIGNMENT(.rel.dtors))
 *(SORT_BY_ALIGNMENT(.rel.got))
 .rel.got       0x00000000000138b8        0x8 /usr/lib/gcc-cross/arm-linux-gnueabi/7/../../../../arm-linux-gnueabi/lib/../lib/crt1.o
 *(SORT_BY_ALIGNMENT(.rel.bss) SORT_BY_ALIGNMENT(.rel.bss.*) SORT_BY_ALIGNMENT(.rel.gnu.linkonce.b.*))
 .rel.bss       0x00000000000138c0       0x40 /usr/lib/gcc-cross/arm-linux-gnueabi/7/../../../../arm-linux-gnueabi/lib/../lib/crt1.o
                [!provide]                        PROVIDE (__rel_iplt_start = .)
 *(SORT_BY_ALIGNMENT(.rel.iplt))
 .rel.iplt      0x0000000000013900        0x0 /usr/lib/gcc-cross/arm-linux-gnueabi/7/../../../../arm-linux-gnueabi/lib/../lib/crt1.o
                [!provide]                        PROVIDE (__rel_iplt_end = .)

.rela.dyn       0x0000000000013900        0x0
 *(SORT_BY_ALIGNMENT(.rela.init))
 *(SORT_BY_ALIGNMENT(.rela.text) SORT_BY_ALIGNMENT(.rela.text.*) SORT_BY_ALIGNMENT(.rela.gnu.linkonce.t.*))
 *(SORT_BY_ALIGNMENT(.rela.fini))
 *(SORT_BY_ALIGNMENT(.rela.rodata) SORT_BY_ALIGNMENT(.rela.rodata.*) SORT_BY_ALIGNMENT(.rela.gnu.linkonce.r.*))
 *(SORT_BY_ALIGNMENT(.rela.data) SORT_BY_ALIGNMENT(.rela.data.*) SORT_BY_ALIGNMENT(.rela.gnu.linkonce.d.*))
 *(SORT_BY_ALIGNMENT(.rela.tdata) SORT_BY_ALIGNMENT(.rela.tdata.*) SORT_BY_ALIGNMENT(.rela.gnu.linkonce.td.*))
 *(SORT_BY_ALIGNMENT(.rela.tbss) SORT_BY_ALIGNMENT(.rela.tbss.*) SORT_BY_ALIGNMENT(.rela.gnu.linkonce.tb.*))
 *(SORT_BY_ALIGNMENT(.rela.ctors))
 *(SORT_BY_ALIGNMENT(.rela.dtors))
 *(SORT_BY_ALIGNMENT(.rela.got))
 *(SORT_BY_ALIGNMENT(.rela.bss) SORT_BY_ALIGNMENT(.rela.bss.*) SORT_BY_ALIGNMENT(.rela.gnu.linkonce.b.*))
                [!provide]                        PROVIDE (__rela_iplt_start = .)
 *(SORT_BY_ALIGNMENT(.rela.iplt))
                [!provide]                        PROVIDE (__rela_iplt_end = .)

.rel.plt        0x0000000000013900      0xbf0
 *(SORT_BY_ALIGNMENT(.rel.plt))
 .rel.plt       0x0000000000013900      0xbf0 /usr/lib/gcc-cross/arm-linux-gnueabi/7/../../../../arm-linux-gnueabi/lib/../lib/crt1.o

.rela.plt
 *(SORT_BY_ALIGNMENT(.rela.plt))

.init           0x00000000000144f0        0xc
 *(SORT_NONE(.init))
 .init          0x00000000000144f0        0x8 /usr/lib/gcc-cross/arm-linux-gnueabi/7/../../../../arm-linux-gnueabi/lib/../lib/crti.o
                0x00000000000144f0                _init
 .init          0x00000000000144f8        0x4 /usr/lib/gcc-cross/arm-linux-gnueabi/7/../../../../arm-linux-gnueabi/lib/../lib/crtn.o

.plt            0x00000000000144fc     0x11fc
 *(SORT_BY_ALIGNMENT(.plt))
 .plt           0x00000000000144fc     0x11fc /usr/lib/gcc-cross/arm-linux-gnueabi/7/../../../../arm-linux-gnueabi/lib/../lib/crt1.o
                0x0000000000014510                fdopen@@GLIBC_2.4
                0x000000000001451c                sched_get_priority_min@@GLIBC_2.4
                0x0000000000014528                fputs_unlocked@@GLIBC_2.4
                0x0000000000014534                strstr@@GLIBC_2.4
                0x0000000000014540                gnu_dev_major@@GLIBC_2.4
                0x000000000001454c                ether_hostton@@GLIBC_2.4
                0x0000000000014558                raise@@GLIBC_2.4
                0x0000000000014564                lutimes@@GLIBC_2.4
                0x0000000000014570                cfmakeraw@@GLIBC_2.4
                0x000000000001457c                sendfile64@@GLIBC_2.4
                0x0000000000014588                gmtime_r@@GLIBC_2.4
                0x0000000000014594                log@@GLIBC_2.4
                0x00000000000145a0                strverscmp@@GLIBC_2.4
                0x00000000000145ac                inet_aton@@GLIBC_2.4
                0x00000000000145b8                fsync@@GLIBC_2.4
                0x00000000000145c4                setbuf@@GLIBC_2.4
                0x00000000000145d0                __res_init@@GLIBC_2.4
                0x00000000000145dc                strcasestr@@GLIBC_2.4
                0x00000000000145e8                strcmp@@GLIBC_2.4
                0x00000000000145f4                strtol@@GLIBC_2.4
                0x0000000000014600                setsockopt@@GLIBC_2.4
                0x000000000001460c                strcspn@@GLIBC_2.4
                0x0000000000014618                times@@GLIBC_2.4
                0x0000000000014624                gnu_dev_makedev@@GLIBC_2.4
                0x0000000000014630                pause@@GLIBC_2.4
                0x000000000001463c                clearenv@@GLIBC_2.4
                0x0000000000014648                hstrerror@@GLIBC_2.4
                0x0000000000014654                gnu_dev_minor@@GLIBC_2.4
                0x0000000000014660                getusershell@@GLIBC_2.4
                0x000000000001466c                regerror@@GLIBC_2.4
                0x0000000000014678                setrlimit64@@GLIBC_2.4
                0x0000000000014684                read@@GLIBC_2.4
                0x0000000000014690                tcflush@@GLIBC_2.4
                0x000000000001469c                mktime@@GLIBC_2.4
                0x00000000000146a8                fflush@@GLIBC_2.4
                0x00000000000146b4                utmpxname@@GLIBC_2.4
                0x00000000000146c0                if_indextoname@@GLIBC_2.4
                0x00000000000146cc                getuid@@GLIBC_2.4
                0x00000000000146d8                sigprocmask@@GLIBC_2.4
                0x00000000000146e4                _setjmp@@GLIBC_2.4
                0x00000000000146f0                memmove@@GLIBC_2.4
                0x00000000000146fc                __memmove_chk@@GLIBC_2.4
                0x0000000000014708                strchrnul@@GLIBC_2.4
                0x0000000000014714                free@@GLIBC_2.4
                0x0000000000014720                unshare@@GLIBC_2.4
                0x000000000001472c                nanosleep@@GLIBC_2.4
                0x0000000000014738                fileno_unlocked@@GLIBC_2.4
                0x0000000000014744                inet_pton@@GLIBC_2.4
                0x0000000000014750                _exit@@GLIBC_2.4
                0x000000000001475c                __vsnprintf_chk@@GLIBC_2.4
                0x0000000000014768                __res_state@@GLIBC_2.4
                0x0000000000014774                pututxline@@GLIBC_2.4
                0x0000000000014780                memcpy@@GLIBC_2.4
                0x000000000001478c                tcsendbreak@@GLIBC_2.4
                0x0000000000014798                __memset_chk@@GLIBC_2.4
                0x00000000000147a4                pivot_root@@GLIBC_2.4
                0x00000000000147b0                execvp@@GLIBC_2.4
                0x00000000000147bc                execlp@@GLIBC_2.4
                0x00000000000147c8                mmap64@@GLIBC_2.4
                0x00000000000147d4                shmget@@GLIBC_2.4
                0x00000000000147e0                signal@@GLIBC_2.4
                0x00000000000147ec                time@@GLIBC_2.4
                0x00000000000147f8                rmdir@@GLIBC_2.4
                0x0000000000014804                gethostid@@GLIBC_2.4
                0x0000000000014810                tcsetpgrp@@GLIBC_2.4
                0x000000000001481c                sendmsg@@GLIBC_2.4
                0x0000000000014828                pow@@GLIBC_2.4
                0x0000000000014834                ftruncate64@@GLIBC_2.4
                0x0000000000014840                memcmp@@GLIBC_2.4
                0x000000000001484c                __vprintf_chk@@GLIBC_2.4
                0x0000000000014858                inet_ntoa@@GLIBC_2.4
                0x0000000000014864                select@@GLIBC_2.4
                0x0000000000014870                swapon@@GLIBC_2.4
                0x000000000001487c                sleep@@GLIBC_2.4
                0x0000000000014888                stpcpy@@GLIBC_2.4
                0x0000000000014894                fputc_unlocked@@GLIBC_2.4
                0x00000000000148a0                __vsprintf_chk@@GLIBC_2.4
                0x00000000000148ac                getc_unlocked@@GLIBC_2.4
                0x00000000000148b8                uname@@GLIBC_2.4
                0x00000000000148c4                ctime@@GLIBC_2.4
                0x00000000000148d0                gethostbyaddr@@GLIBC_2.4
                0x00000000000148dc                recvfrom@@GLIBC_2.4
                0x00000000000148e8                __strncpy_chk@@GLIBC_2.4
                0x00000000000148f4                strdup@@GLIBC_2.4
                0x0000000000014900                setutxent@@GLIBC_2.4
                0x000000000001490c                syncfs@@GLIBC_2.14
                0x0000000000014918                __stack_chk_fail@@GLIBC_2.4
                0x0000000000014924                cfgetispeed@@GLIBC_2.4
                0x0000000000014930                rewind@@GLIBC_2.4
                0x000000000001493c                alarm@@GLIBC_2.4
                0x0000000000014948                msgctl@@GLIBC_2.4
                0x0000000000014954                sysconf@@GLIBC_2.4
                0x0000000000014960                unlink@@GLIBC_2.4
                0x000000000001496c                dup2@@GLIBC_2.4
                0x0000000000014978                reboot@@GLIBC_2.4
                0x0000000000014984                getrlimit64@@GLIBC_2.4
                0x0000000000014990                realloc@@GLIBC_2.4
                0x000000000001499c                killpg@@GLIBC_2.4
                0x00000000000149a8                strptime@@GLIBC_2.4
                0x00000000000149b4                dup@@GLIBC_2.4
                0x00000000000149c0                socketpair@@GLIBC_2.4
                0x00000000000149cc                atoll@@GLIBC_2.4
                0x00000000000149d8                getpriority@@GLIBC_2.4
                0x00000000000149e4                __fdelt_chk@@GLIBC_2.15
                0x00000000000149f0                setns@@GLIBC_2.14
                0x00000000000149fc                sigismember@@GLIBC_2.4
                0x0000000000014a08                regexec@@GLIBC_2.4
                0x0000000000014a14                localtime_r@@GLIBC_2.4
                0x0000000000014a20                wait@@GLIBC_2.4
                0x0000000000014a2c                getlogin_r@@GLIBC_2.4
                0x0000000000014a38                shmat@@GLIBC_2.4
                0x0000000000014a44                sigisemptyset@@GLIBC_2.4
                0x0000000000014a50                chdir@@GLIBC_2.4
                0x0000000000014a5c                strcasecmp@@GLIBC_2.4
                0x0000000000014a68                getpgrp@@GLIBC_2.4
                0x0000000000014a74                unlockpt@@GLIBC_2.4
                0x0000000000014a80                geteuid@@GLIBC_2.4
                0x0000000000014a8c                strsignal@@GLIBC_2.4
                0x0000000000014a98                tzset@@GLIBC_2.4
                0x0000000000014aa4                poll@@GLIBC_2.4
                0x0000000000014ab0                accept@@GLIBC_2.4
                0x0000000000014abc                setgroups@@GLIBC_2.4
                0x0000000000014ac8                cfsetospeed@@GLIBC_2.4
                0x0000000000014ad4                semop@@GLIBC_2.4
                0x0000000000014ae0                seteuid@@GLIBC_2.4
                0x0000000000014aec                __fxstat64@@GLIBC_2.4
                0x0000000000014af8                __poll_chk@@GLIBC_2.16
                0x0000000000014b04                readlink@@GLIBC_2.4
                0x0000000000014b10                getegid@@GLIBC_2.4
                0x0000000000014b1c                sigaction@@GLIBC_2.4
                0x0000000000014b28                __memcpy_chk@@GLIBC_2.4
                0x0000000000014b34                fwrite@@GLIBC_2.4
                0x0000000000014b40                strcat@@GLIBC_2.4
                0x0000000000014b4c                getsockopt@@GLIBC_2.4
                0x0000000000014b58                ioctl@@GLIBC_2.4
                0x0000000000014b64                sched_getscheduler@@GLIBC_2.4
                0x0000000000014b70                lseek64@@GLIBC_2.4
                0x0000000000014b7c                regfree@@GLIBC_2.4
                0x0000000000014b88                strtoll@@GLIBC_2.4
                0x0000000000014b94                usleep@@GLIBC_2.4
                0x0000000000014ba0                readahead@@GLIBC_2.4
                0x0000000000014bac                waitpid@@GLIBC_2.4
                0x0000000000014bb8                hasmntopt@@GLIBC_2.4
                0x0000000000014bc4                tcsetattr@@GLIBC_2.4
                0x0000000000014bd0                munlock@@GLIBC_2.4
                0x0000000000014bdc                strcpy@@GLIBC_2.4
                0x0000000000014be8                chroot@@GLIBC_2.4
                0x0000000000014bf4                gettimeofday@@GLIBC_2.4
                0x0000000000014c00                __strcpy_chk@@GLIBC_2.4
                0x0000000000014c0c                fread@@GLIBC_2.4
                0x0000000000014c18                pread64@@GLIBC_2.4
                0x0000000000014c24                sched_yield@@GLIBC_2.4
                0x0000000000014c30                ptsname_r@@GLIBC_2.4
                0x0000000000014c3c                ferror_unlocked@@GLIBC_2.4
                0x0000000000014c48                shmctl@@GLIBC_2.4
                0x0000000000014c54                creat64@@GLIBC_2.4
                0x0000000000014c60                strtok_r@@GLIBC_2.4
                0x0000000000014c6c                daemon@@GLIBC_2.4
                0x0000000000014c78                getmntent@@GLIBC_2.4
                0x0000000000014c84                opendir@@GLIBC_2.4
                0x0000000000014c90                umount2@@GLIBC_2.4
                0x0000000000014c9c                fnmatch@@GLIBC_2.4
                0x0000000000014ca8                open64@@GLIBC_2.4
                0x0000000000014cb4                sched_get_priority_max@@GLIBC_2.4
                0x0000000000014cc0                __asprintf_chk@@GLIBC_2.8
                0x0000000000014ccc                getenv@@GLIBC_2.4
                0x0000000000014cd8                setpriority@@GLIBC_2.4
                0x0000000000014ce4                mkstemp64@@GLIBC_2.4
                0x0000000000014cf0                puts@@GLIBC_2.4
                0x0000000000014cfc                setgid@@GLIBC_2.4
                0x0000000000014d08                sysinfo@@GLIBC_2.4
                0x0000000000014d14                malloc@@GLIBC_2.4
                0x0000000000014d20                settimeofday@@GLIBC_2.4
                0x0000000000014d2c                sigaddset@@GLIBC_2.4
                0x0000000000014d38                __libc_start_main@@GLIBC_2.4
                0x0000000000014d44                strerror@@GLIBC_2.4
                0x0000000000014d50                system@@GLIBC_2.4
                0x0000000000014d5c                strftime@@GLIBC_2.4
                0x0000000000014d68                tcdrain@@GLIBC_2.4
                0x0000000000014d74                __h_errno_location@@GLIBC_2.4
                0x0000000000014d80                adjtimex@@GLIBC_2.4
                0x0000000000014d8c                __vfprintf_chk@@GLIBC_2.4
                0x0000000000014d98                localtime@@GLIBC_2.4
                0x0000000000014da4                strsep@@GLIBC_2.4
                0x0000000000014db0                mktemp@@GLIBC_2.4
                0x0000000000014dbc                scanf@@GLIBC_2.4
                0x0000000000014dc8                closelog@@GLIBC_2.4
                0x0000000000014dd4                sethostname@@GLIBC_2.4
                0x0000000000014de0                dirname@@GLIBC_2.4
                0x0000000000014df8                freopen64@@GLIBC_2.4
                0x0000000000014e04                mempcpy@@GLIBC_2.4
                0x0000000000014e10                rename@@GLIBC_2.4
                0x0000000000014e1c                getopt_long@@GLIBC_2.4
                0x0000000000014e28                kill@@GLIBC_2.4
                0x0000000000014e34                glob64@@GLIBC_2.27
                0x0000000000014e40                getcwd@@GLIBC_2.4
                0x0000000000014e4c                getpid@@GLIBC_2.4
                0x0000000000014e58                exit@@GLIBC_2.4
                0x0000000000014e64                syscall@@GLIBC_2.4
                0x0000000000014e70                sin@@GLIBC_2.4
                0x0000000000014e7c                flock@@GLIBC_2.4
                0x0000000000014e88                strtoul@@GLIBC_2.4
                0x0000000000014e94                tcgetpgrp@@GLIBC_2.4
                0x0000000000014ea0                strlen@@GLIBC_2.4
                0x0000000000014eac                getchar_unlocked@@GLIBC_2.4
                0x0000000000014eb8                setsid@@GLIBC_2.4
                0x0000000000014ec4                setpgrp@@GLIBC_2.4
                0x0000000000014ed0                sched_getparam@@GLIBC_2.4
                0x0000000000014edc                strchr@@GLIBC_2.4
                0x0000000000014ee8                srand@@GLIBC_2.4
                0x0000000000014ef4                setenv@@GLIBC_2.4
                0x0000000000014f00                personality@@GLIBC_2.4
                0x0000000000014f0c                memrchr@@GLIBC_2.4
                0x0000000000014f18                ttyname_r@@GLIBC_2.4
                0x0000000000014f24                fchown@@GLIBC_2.4
                0x0000000000014f30                execve@@GLIBC_2.4
                0x0000000000014f3c                nice@@GLIBC_2.4
                0x0000000000014f48                getopt@@GLIBC_2.4
                0x0000000000014f54                getpagesize@@GLIBC_2.4
                0x0000000000014f60                cfsetispeed@@GLIBC_2.4
                0x0000000000014f6c                chown@@GLIBC_2.4
                0x0000000000014f78                ungetc@@GLIBC_2.4
                0x0000000000014f84                fcntl@@GLIBC_2.4
                0x0000000000014f90                setlinebuf@@GLIBC_2.4
                0x0000000000014f9c                grantpt@@GLIBC_2.4
                0x0000000000014fa8                execv@@GLIBC_2.4
                0x0000000000014fb4                sqrt@@GLIBC_2.4
                0x0000000000014fc0                __open64_2@@GLIBC_2.7
                0x0000000000014fcc                cfgetospeed@@GLIBC_2.4
                0x0000000000014fd8                sigfillset@@GLIBC_2.4
                0x0000000000014fe4                __errno_location@@GLIBC_2.4
                0x0000000000014ff0                __strcat_chk@@GLIBC_2.4
                0x0000000000014ffc                strncasecmp@@GLIBC_2.4
                0x0000000000015008                getservbyname@@GLIBC_2.4
                0x0000000000015014                klogctl@@GLIBC_2.4
                0x0000000000015020                __sprintf_chk@@GLIBC_2.4
                0x000000000001502c                __cxa_atexit@@GLIBC_2.4
                0x0000000000015038                __vasprintf_chk@@GLIBC_2.8
                0x0000000000015044                mkdir@@GLIBC_2.4
                0x0000000000015050                semget@@GLIBC_2.4
                0x000000000001505c                bind@@GLIBC_2.4
                0x0000000000015068                setvbuf@@GLIBC_2.4
                0x0000000000015074                getservbyport@@GLIBC_2.4
                0x0000000000015080                getgid@@GLIBC_2.4
                0x000000000001508c                memset@@GLIBC_2.4
                0x0000000000015098                getmntent_r@@GLIBC_2.4
                0x00000000000150a4                bsearch@@GLIBC_2.4
                0x00000000000150b0                sigtimedwait@@GLIBC_2.4
                0x00000000000150bc                utimes@@GLIBC_2.4
                0x00000000000150c8                strncpy@@GLIBC_2.4
                0x00000000000150d4                fscanf@@GLIBC_2.4
                0x00000000000150e0                mallopt@@GLIBC_2.4
                0x00000000000150ec                sigsuspend@@GLIBC_2.4
                0x00000000000150f8                strtoull@@GLIBC_2.4
                0x0000000000015104                gmtime@@GLIBC_2.4
                0x0000000000015110                wait3@@GLIBC_2.4
                0x000000000001511c                __printf_chk@@GLIBC_2.4
                0x0000000000015128                prctl@@GLIBC_2.4
                0x0000000000015134                strtod@@GLIBC_2.4
                0x0000000000015140                link@@GLIBC_2.4
                0x000000000001514c                write@@GLIBC_2.4
                0x0000000000015158                sigdelset@@GLIBC_2.4
                0x0000000000015164                mlock@@GLIBC_2.4
                0x0000000000015170                getopt_long_only@@GLIBC_2.4
                0x000000000001517c                __fprintf_chk@@GLIBC_2.4
                0x0000000000015188                ether_aton_r@@GLIBC_2.4
                0x0000000000015194                shmdt@@GLIBC_2.4
                0x00000000000151a0                vfork@@GLIBC_2.4
                0x00000000000151ac                memchr@@GLIBC_2.4
                0x00000000000151b8                sched_setaffinity@@GLIBC_2.4
                0x00000000000151c4                access@@GLIBC_2.4
                0x00000000000151d0                rand@@GLIBC_2.4
                0x00000000000151dc                setegid@@GLIBC_2.4
                0x00000000000151e8                fclose@@GLIBC_2.4
                0x00000000000151f4                getsid@@GLIBC_2.4
                0x0000000000015200                strnlen@@GLIBC_2.4
                0x000000000001520c                pipe@@GLIBC_2.4
                0x0000000000015218                fseeko64@@GLIBC_2.4
                0x0000000000015224                endmntent@@GLIBC_2.4
                0x0000000000015230                __fread_chk@@GLIBC_2.7
                0x000000000001523c                munmap@@GLIBC_2.4
                0x0000000000015248                posix_fallocate64@@GLIBC_2.4
                0x0000000000015254                __longjmp_chk@@GLIBC_2.11
                0x0000000000015260                strtok@@GLIBC_2.4
                0x000000000001526c                semctl@@GLIBC_2.4
                0x0000000000015278                __syslog_chk@@GLIBC_2.4
                0x0000000000015284                sendto@@GLIBC_2.4
                0x0000000000015290                shutdown@@GLIBC_2.4
                0x000000000001529c                endutxent@@GLIBC_2.4
                0x00000000000152a8                sigemptyset@@GLIBC_2.4
                0x00000000000152b4                popen@@GLIBC_2.4
                0x00000000000152c0                fork@@GLIBC_2.4
                0x00000000000152cc                execle@@GLIBC_2.4
                0x00000000000152d8                putenv@@GLIBC_2.4
                0x00000000000152e4                stime@@GLIBC_2.4
                0x00000000000152f0                getnameinfo@@GLIBC_2.4
                0x00000000000152fc                execl@@GLIBC_2.4
                0x0000000000015308                strrchr@@GLIBC_2.4
                0x0000000000015314                listen@@GLIBC_2.4
                0x0000000000015320                statfs64@@GLIBC_2.4
                0x000000000001532c                __sigsetjmp@@GLIBC_2.4
                0x0000000000015338                lchown@@GLIBC_2.4
                0x0000000000015344                fputc@@GLIBC_2.4
                0x0000000000015350                globfree64@@GLIBC_2.4
                0x000000000001535c                setresuid@@GLIBC_2.4
                0x0000000000015368                symlink@@GLIBC_2.4
                0x0000000000015374                updwtmpx@@GLIBC_2.4
                0x0000000000015380                setuid@@GLIBC_2.4
                0x000000000001538c                sscanf@@GLIBC_2.4
                0x0000000000015398                setpgid@@GLIBC_2.4
                0x00000000000153a4                clearerr@@GLIBC_2.4
                0x00000000000153b0                readdir64@@GLIBC_2.4
                0x00000000000153bc                __dprintf_chk@@GLIBC_2.8
                0x00000000000153c8                mkdtemp@@GLIBC_2.4
                0x00000000000153d4                openlog@@GLIBC_2.4
                0x00000000000153e0                regcomp@@GLIBC_2.4
                0x00000000000153ec                getgroups@@GLIBC_2.4
                0x00000000000153f8                exp@@GLIBC_2.4
                0x0000000000015404                getsockname@@GLIBC_2.4
                0x0000000000015410                getppid@@GLIBC_2.4
                0x000000000001541c                atoi@@GLIBC_2.4
                0x0000000000015428                recvmsg@@GLIBC_2.4
                0x0000000000015434                fchdir@@GLIBC_2.4
                0x0000000000015440                fopen64@@GLIBC_2.4
                0x000000000001544c                qsort@@GLIBC_2.4
                0x0000000000015458                getpeername@@GLIBC_2.4
                0x0000000000015464                strpbrk@@GLIBC_2.4
                0x0000000000015470                msgget@@GLIBC_2.4
                0x000000000001547c                freeaddrinfo@@GLIBC_2.4
                0x0000000000015488                getaddrinfo@@GLIBC_2.4
                0x0000000000015494                acct@@GLIBC_2.4
                0x00000000000154a0                inet_ntop@@GLIBC_2.4
                0x00000000000154ac                fgets_unlocked@@GLIBC_2.4
                0x00000000000154b8                socket@@GLIBC_2.4
                0x00000000000154c4                sched_getaffinity@@GLIBC_2.4
                0x00000000000154d0                setmntent@@GLIBC_2.4
                0x00000000000154dc                cfsetspeed@@GLIBC_2.4
                0x00000000000154e8                atof@@GLIBC_2.4
                0x00000000000154f4                inet_addr@@GLIBC_2.4
                0x0000000000015500                __cmsg_nxthdr@@GLIBC_2.4
                0x000000000001550c                sync@@GLIBC_2.4
                0x0000000000015518                getline@@GLIBC_2.4
                0x0000000000015524                if_nametoindex@@GLIBC_2.4
                0x0000000000015530                umask@@GLIBC_2.4
                0x000000000001553c                swapoff@@GLIBC_2.4
                0x0000000000015548                chmod@@GLIBC_2.4
                0x0000000000015554                gethostbyname@@GLIBC_2.4
                0x0000000000015560                __xstat64@@GLIBC_2.4
                0x000000000001556c                isatty@@GLIBC_2.4
                0x0000000000015578                __xmknod@@GLIBC_2.4
                0x0000000000015584                unsetenv@@GLIBC_2.4
                0x0000000000015590                fputs@@GLIBC_2.4
                0x000000000001559c                strncmp@@GLIBC_2.4
                0x00000000000155a8                fdatasync@@GLIBC_2.4
                0x00000000000155b4                abort@@GLIBC_2.4
                0x00000000000155c0                feof_unlocked@@GLIBC_2.4
                0x00000000000155cc                getutxent@@GLIBC_2.4
                0x00000000000155d8                recv@@GLIBC_2.4
                0x00000000000155e4                realpath@@GLIBC_2.4
                0x00000000000155f0                close@@GLIBC_2.4
                0x00000000000155fc                __lxstat64@@GLIBC_2.4
                0x0000000000015608                setresgid@@GLIBC_2.4
                0x0000000000015614                mkfifo@@GLIBC_2.4
                0x0000000000015620                send@@GLIBC_2.4
                0x000000000001562c                connect@@GLIBC_2.4
                0x0000000000015638                closedir@@GLIBC_2.4
                0x0000000000015644                div@@GLIBC_2.4
                0x0000000000015650                atan2@@GLIBC_2.4
                0x000000000001565c                __snprintf_chk@@GLIBC_2.4
                0x0000000000015668                sched_setscheduler@@GLIBC_2.4
                0x0000000000015674                putchar_unlocked@@GLIBC_2.4
                0x0000000000015680                strspn@@GLIBC_2.4
                0x000000000001568c                __mempcpy_chk@@GLIBC_2.4
                0x0000000000015698                fchmod@@GLIBC_2.4
                0x00000000000156a4                cos@@GLIBC_2.4
                0x00000000000156b0                tcgetattr@@GLIBC_2.4
                0x00000000000156bc                putc_unlocked@@GLIBC_2.4
                0x00000000000156c8                tcgetsid@@GLIBC_2.4
                0x00000000000156d4                ftello64@@GLIBC_2.4
                0x00000000000156e0                pclose@@GLIBC_2.4
                0x00000000000156ec                mount@@GLIBC_2.4

.iplt           0x00000000000156f8        0x0
 *(SORT_BY_ALIGNMENT(.iplt))
 .iplt          0x00000000000156f8        0x0 /usr/lib/gcc-cross/arm-linux-gnueabi/7/../../../../arm-linux-gnueabi/lib/../lib/crt1.o

.text           0x00000000000156f8    0xd3990
 *(SORT_BY_ALIGNMENT(.text.unlikely) SORT_BY_ALIGNMENT(.text.*_unlikely) SORT_BY_ALIGNMENT(.text.unlikely.*))
 *(SORT_BY_ALIGNMENT(.text.exit) SORT_BY_ALIGNMENT(.text.exit.*))
 *(SORT_BY_ALIGNMENT(.text.startup) SORT_BY_ALIGNMENT(.text.startup.*))
 *(SORT_BY_ALIGNMENT(.text.hot) SORT_BY_ALIGNMENT(.text.hot.*))
 *(SORT_BY_ALIGNMENT(.text) SORT_BY_ALIGNMENT(.stub) SORT_BY_ALIGNMENT(.text.*) SORT_BY_ALIGNMENT(.gnu.linkonce.t.*))
 .text.identify
                0x00000000000156f8     0x1424 miscutils/lib.a(hdparm.o)
 *fill*         0x0000000000016b1c        0x4 
 .text.smart_ulltoa5
                0x0000000000016b20      0x218 libbb/lib.a(human_readable.o)
                0x0000000000016b20                smart_ulltoa5
 .text.bb_progress_update
                0x0000000000016d38      0x410 libbb/lib.a(progress.o)
                0x0000000000016d38                bb_progress_update
 .text          0x0000000000017148       0x3c /usr/lib/gcc-cross/arm-linux-gnueabi/7/../../../../arm-linux-gnueabi/lib/../lib/crt1.o
                0x0000000000017148                _start
 .text          0x0000000000017184       0x24 /usr/lib/gcc-cross/arm-linux-gnueabi/7/../../../../arm-linux-gnueabi/lib/../lib/crti.o
 .text          0x00000000000171a8       0x90 /usr/lib/gcc-cross/arm-linux-gnueabi/7/crtbegin.o
 .text.get_trimmed_slice
                0x0000000000017238       0x2c libbb/lib.a(appletlib.o)
 .text.string_array_len
                0x0000000000017264       0x28 libbb/lib.a(appletlib.o)
                0x0000000000017264                string_array_len
 .text.find_applet_by_name
                0x000000000001728c       0xb4 libbb/lib.a(appletlib.o)
                0x000000000001728c                find_applet_by_name
 .text.bb_show_usage
                0x0000000000017340      0x100 libbb/lib.a(appletlib.o)
                0x0000000000017340                bb_show_usage
 .text.parse_config_file
                0x0000000000017440      0x330 libbb/lib.a(appletlib.o)
 .text.lbb_prepare
                0x0000000000017770       0x28 libbb/lib.a(appletlib.o)
                0x0000000000017770                lbb_prepare
 .text.run_applet_no_and_exit
                0x0000000000017798      0x264 libbb/lib.a(appletlib.o)
                0x0000000000017798                run_applet_no_and_exit
 .text.run_applet_and_exit
                0x00000000000179fc      0x364 libbb/lib.a(appletlib.o)
 .text.main     0x0000000000017d60       0x68 libbb/lib.a(appletlib.o)
                0x0000000000017d60                main
 .text.is_prefixed_with
                0x0000000000017dc8       0x34 libbb/lib.a(compare_string_array.o)
                0x0000000000017dc8                is_prefixed_with
 .text.index_in_strings
                0x0000000000017dfc       0x54 libbb/lib.a(compare_string_array.o)
                0x0000000000017dfc                index_in_strings
 .text.index_in_substrings
                0x0000000000017e50       0x90 libbb/lib.a(compare_string_array.o)
                0x0000000000017e50                index_in_substrings
 .text.nth_string
                0x0000000000017ee0       0x34 libbb/lib.a(compare_string_array.o)
                0x0000000000017ee0                nth_string
 .text.concat_path_file
                0x0000000000017f14       0x64 libbb/lib.a(concat_path_file.o)
                0x0000000000017f14                concat_path_file
 .text.bb_basename
                0x0000000000017f78       0x20 libbb/lib.a(get_last_path_component.o)
                0x0000000000017f78                bb_basename
 .text.bb_get_last_path_component_nostrip
                0x0000000000017f98       0x38 libbb/lib.a(get_last_path_component.o)
                0x0000000000017f98                bb_get_last_path_component_nostrip
 .text.bb_get_last_path_component_strip
                0x0000000000017fd0       0x54 libbb/lib.a(get_last_path_component.o)
                0x0000000000017fd0                bb_get_last_path_component_strip
 .text.last_char_is
                0x0000000000018024       0x4c libbb/lib.a(last_char_is.o)
                0x0000000000018024                last_char_is
 .text.llist_add_to
                0x0000000000018070       0x28 libbb/lib.a(llist.o)
                0x0000000000018070                llist_add_to
 .text.llist_add_to_end
                0x0000000000018098       0x34 libbb/lib.a(llist.o)
                0x0000000000018098                llist_add_to_end
 .text.llist_pop
                0x00000000000180cc       0x2c libbb/lib.a(llist.o)
                0x00000000000180cc                llist_pop
 .text.llist_unlink
                0x00000000000180f8       0x30 libbb/lib.a(llist.o)
                0x00000000000180f8                llist_unlink
 .text.llist_free
                0x0000000000018128       0x3c libbb/lib.a(llist.o)
                0x0000000000018128                llist_free
 .text.llist_rev
                0x0000000000018164       0x24 libbb/lib.a(llist.o)
                0x0000000000018164                llist_rev
 .text.llist_find_str
                0x0000000000018188       0x38 libbb/lib.a(llist.o)
                0x0000000000018188                llist_find_str
 .text.bb_perror_msg
                0x00000000000181c0       0x78 libbb/lib.a(perror_msg.o)
                0x00000000000181c0                bb_perror_msg
 .text.bb_perror_msg_and_die
                0x0000000000018238       0x54 libbb/lib.a(perror_msg.o)
                0x0000000000018238                bb_perror_msg_and_die
 .text.bb_simple_perror_msg
                0x000000000001828c       0x10 libbb/lib.a(perror_msg.o)
                0x000000000001828c                bb_simple_perror_msg
 .text.bb_simple_perror_msg_and_die
                0x000000000001829c       0x14 libbb/lib.a(perror_msg.o)
                0x000000000001829c                bb_simple_perror_msg_and_die
 .text.skip_whitespace
                0x00000000000182b0       0x20 libbb/lib.a(skip_whitespace.o)
                0x00000000000182b0                skip_whitespace
 .text.skip_non_whitespace
                0x00000000000182d0       0x24 libbb/lib.a(skip_whitespace.o)
                0x00000000000182d0                skip_non_whitespace
 .text.skip_dev_pfx
                0x00000000000182f4       0x24 libbb/lib.a(skip_whitespace.o)
                0x00000000000182f4                skip_dev_pfx
 .text.bb_verror_msg
                0x0000000000018318      0x24c libbb/lib.a(verror_msg.o)
                0x0000000000018318                bb_verror_msg
 .text.bb_error_msg_and_die
                0x0000000000018564       0x30 libbb/lib.a(verror_msg.o)
                0x0000000000018564                bb_error_msg_and_die
 .text.bb_error_msg
                0x0000000000018594       0x50 libbb/lib.a(verror_msg.o)
                0x0000000000018594                bb_error_msg
 .text.xfdopen_helper
                0x00000000000185e4       0x38 libbb/lib.a(wfopen.o)
 .text.fopen_or_warn
                0x000000000001861c       0x24 libbb/lib.a(wfopen.o)
                0x000000000001861c                fopen_or_warn
 .text.fopen_for_read
                0x0000000000018640        0xc libbb/lib.a(wfopen.o)
                0x0000000000018640                fopen_for_read
 .text.xfopen_for_read
                0x000000000001864c        0xc libbb/lib.a(wfopen.o)
                0x000000000001864c                xfopen_for_read
 .text.fopen_for_write
                0x0000000000018658        0xc libbb/lib.a(wfopen.o)
                0x0000000000018658                fopen_for_write
 .text.xfopen_for_write
                0x0000000000018664        0xc libbb/lib.a(wfopen.o)
                0x0000000000018664                xfopen_for_write
 .text.xfdopen_for_read
                0x0000000000018670        0x8 libbb/lib.a(wfopen.o)
                0x0000000000018670                xfdopen_for_read
 .text.xfdopen_for_write
                0x0000000000018678        0xc libbb/lib.a(wfopen.o)
                0x0000000000018678                xfdopen_for_write
 .text.xfunc_die
                0x0000000000018684       0x2c libbb/lib.a(xfunc_die.o)
                0x0000000000018684                xfunc_die
 .text.ndelay_on
                0x00000000000186b0       0x34 libbb/lib.a(xfuncs.o)
                0x00000000000186b0                ndelay_on
 .text.ndelay_off
                0x00000000000186e4       0x34 libbb/lib.a(xfuncs.o)
                0x00000000000186e4                ndelay_off
 .text.close_on_exec_on
                0x0000000000018718        0xc libbb/lib.a(xfuncs.o)
                0x0000000000018718                close_on_exec_on
 .text.strncpy_IFNAMSIZ
                0x0000000000018724        0x8 libbb/lib.a(xfuncs.o)
                0x0000000000018724                strncpy_IFNAMSIZ
 .text.utoa_to_buf
                0x000000000001872c       0x88 libbb/lib.a(xfuncs.o)
                0x000000000001872c                utoa_to_buf
 .text.itoa_to_buf
                0x00000000000187b4       0x2c libbb/lib.a(xfuncs.o)
                0x00000000000187b4                itoa_to_buf
 .text.utoa     0x00000000000187e0       0x28 libbb/lib.a(xfuncs.o)
                0x00000000000187e0                utoa
 .text.itoa     0x0000000000018808       0x28 libbb/lib.a(xfuncs.o)
                0x0000000000018808                itoa
 .text.bin2hex  0x0000000000018830       0x4c libbb/lib.a(xfuncs.o)
                0x0000000000018830                bin2hex
 .text.hex2bin  0x000000000001887c       0xec libbb/lib.a(xfuncs.o)
                0x000000000001887c                hex2bin
 .text.bb_putchar_stderr
                0x0000000000018968       0x20 libbb/lib.a(xfuncs.o)
                0x0000000000018968                bb_putchar_stderr
 .text.full_write1_str
                0x0000000000018988       0x20 libbb/lib.a(xfuncs.o)
                0x0000000000018988                full_write1_str
 .text.full_write2_str
                0x00000000000189a8       0x20 libbb/lib.a(xfuncs.o)
                0x00000000000189a8                full_write2_str
 .text.get_terminal_width_height
                0x00000000000189c8      0x164 libbb/lib.a(xfuncs.o)
                0x00000000000189c8                get_terminal_width_height
 .text.get_terminal_width
                0x0000000000018b2c       0x40 libbb/lib.a(xfuncs.o)
                0x0000000000018b2c                get_terminal_width
 .text.tcsetattr_stdin_TCSANOW
                0x0000000000018b6c       0x10 libbb/lib.a(xfuncs.o)
                0x0000000000018b6c                tcsetattr_stdin_TCSANOW
 .text.set_termios_to_raw
                0x0000000000018b7c       0xcc libbb/lib.a(xfuncs.o)
                0x0000000000018b7c                set_termios_to_raw
 .text.safe_waitpid
                0x0000000000018c48       0x44 libbb/lib.a(xfuncs.o)
                0x0000000000018c48                safe_waitpid
 .text.wait_any_nohang
                0x0000000000018c8c       0x10 libbb/lib.a(xfuncs.o)
                0x0000000000018c8c                wait_any_nohang
 .text.wait4pid
                0x0000000000018c9c       0x80 libbb/lib.a(xfuncs.o)
                0x0000000000018c9c                wait4pid
 .text.wait_for_exitstatus
                0x0000000000018d1c       0x54 libbb/lib.a(xfuncs.o)
                0x0000000000018d1c                wait_for_exitstatus
 .text.malloc_or_warn
                0x0000000000018d70       0x3c libbb/lib.a(xfuncs_printf.o)
                0x0000000000018d70                malloc_or_warn
 .text.xmalloc  0x0000000000018dac       0x30 libbb/lib.a(xfuncs_printf.o)
                0x0000000000018dac                xmalloc
 .text.xrealloc
                0x0000000000018ddc       0x30 libbb/lib.a(xfuncs_printf.o)
                0x0000000000018ddc                xrealloc
 .text.xzalloc  0x0000000000018e0c       0x1c libbb/lib.a(xfuncs_printf.o)
                0x0000000000018e0c                xzalloc
 .text.xstrdup  0x0000000000018e28       0x2c libbb/lib.a(xfuncs_printf.o)
                0x0000000000018e28                xstrdup
 .text.xstrndup
                0x0000000000018e54       0x50 libbb/lib.a(xfuncs_printf.o)
                0x0000000000018e54                xstrndup
 .text.xmemdup  0x0000000000018ea4       0x24 libbb/lib.a(xfuncs_printf.o)
                0x0000000000018ea4                xmemdup
 .text.xfopen   0x0000000000018ec8       0x24 libbb/lib.a(xfuncs_printf.o)
                0x0000000000018ec8                xfopen
 .text.xopen3   0x0000000000018eec       0x24 libbb/lib.a(xfuncs_printf.o)
                0x0000000000018eec                xopen3
 .text.xopen    0x0000000000018f10        0xc libbb/lib.a(xfuncs_printf.o)
                0x0000000000018f10                xopen
 .text.open3_or_warn
                0x0000000000018f1c       0x2c libbb/lib.a(xfuncs_printf.o)
                0x0000000000018f1c                open3_or_warn
 .text.open_or_warn
                0x0000000000018f48        0xc libbb/lib.a(xfuncs_printf.o)
                0x0000000000018f48                open_or_warn
 .text.xopen_nonblocking
                0x0000000000018f54        0x8 libbb/lib.a(xfuncs_printf.o)
                0x0000000000018f54                xopen_nonblocking
 .text.xunlink  0x0000000000018f5c       0x24 libbb/lib.a(xfuncs_printf.o)
                0x0000000000018f5c                xunlink
 .text.xrename  0x0000000000018f80       0x2c libbb/lib.a(xfuncs_printf.o)
                0x0000000000018f80                xrename
 .text.rename_or_warn
                0x0000000000018fac       0x34 libbb/lib.a(xfuncs_printf.o)
                0x0000000000018fac                rename_or_warn
 .text.xpipe    0x0000000000018fe0       0x1c libbb/lib.a(xfuncs_printf.o)
                0x0000000000018fe0                xpipe
 .text.xdup2    0x0000000000018ffc       0x20 libbb/lib.a(xfuncs_printf.o)
                0x0000000000018ffc                xdup2
 .text.xmove_fd
                0x000000000001901c       0x20 libbb/lib.a(xfuncs_printf.o)
                0x000000000001901c                xmove_fd
 .text.xwrite   0x000000000001903c       0x38 libbb/lib.a(xfuncs_printf.o)
                0x000000000001903c                xwrite
 .text.xwrite_str
                0x0000000000019074       0x28 libbb/lib.a(xfuncs_printf.o)
                0x0000000000019074                xwrite_str
 .text.xclose   0x000000000001909c       0x1c libbb/lib.a(xfuncs_printf.o)
                0x000000000001909c                xclose
 .text.xlseek   0x00000000000190b8       0x5c libbb/lib.a(xfuncs_printf.o)
                0x00000000000190b8                xlseek
 .text.xmkstemp
                0x0000000000019114       0x24 libbb/lib.a(xfuncs_printf.o)
                0x0000000000019114                xmkstemp
 .text.die_if_ferror
                0x0000000000019138       0x24 libbb/lib.a(xfuncs_printf.o)
                0x0000000000019138                die_if_ferror
 .text.die_if_ferror_stdout
                0x000000000001915c       0x18 libbb/lib.a(xfuncs_printf.o)
                0x000000000001915c                die_if_ferror_stdout
 .text.fflush_all
                0x0000000000019174        0x8 libbb/lib.a(xfuncs_printf.o)
                0x0000000000019174                fflush_all
 .text.bb_putchar
                0x000000000001917c        0x4 libbb/lib.a(xfuncs_printf.o)
                0x000000000001917c                bb_putchar
 .text.xprint_and_close_file
                0x0000000000019180       0x40 libbb/lib.a(xfuncs_printf.o)
                0x0000000000019180                xprint_and_close_file
 .text.xasprintf
                0x00000000000191c0       0x6c libbb/lib.a(xfuncs_printf.o)
                0x00000000000191c0                xasprintf
 .text.xsetenv  0x000000000001922c       0x20 libbb/lib.a(xfuncs_printf.o)
                0x000000000001922c                xsetenv
 .text.bb_unsetenv
                0x000000000001924c       0x44 libbb/lib.a(xfuncs_printf.o)
                0x000000000001924c                bb_unsetenv
 .text.bb_unsetenv_and_free
                0x0000000000019290       0x18 libbb/lib.a(xfuncs_printf.o)
                0x0000000000019290                bb_unsetenv_and_free
 .text.xsetgid  0x00000000000192a8       0x1c libbb/lib.a(xfuncs_printf.o)
                0x00000000000192a8                xsetgid
 .text.xsetuid  0x00000000000192c4       0x1c libbb/lib.a(xfuncs_printf.o)
                0x00000000000192c4                xsetuid
 .text.xsetegid
                0x00000000000192e0       0x1c libbb/lib.a(xfuncs_printf.o)
                0x00000000000192e0                xsetegid
 .text.xseteuid
                0x00000000000192fc       0x1c libbb/lib.a(xfuncs_printf.o)
                0x00000000000192fc                xseteuid
 .text.xopen_as_uid_gid
                0x0000000000019318       0x5c libbb/lib.a(xfuncs_printf.o)
                0x0000000000019318                xopen_as_uid_gid
 .text.xchdir   0x0000000000019374       0x24 libbb/lib.a(xfuncs_printf.o)
                0x0000000000019374                xchdir
 .text.xfchdir  0x0000000000019398       0x1c libbb/lib.a(xfuncs_printf.o)
                0x0000000000019398                xfchdir
 .text.xchroot  0x00000000000193b4       0x34 libbb/lib.a(xfuncs_printf.o)
                0x00000000000193b4                xchroot
 .text.warn_opendir
                0x00000000000193e8       0x2c libbb/lib.a(xfuncs_printf.o)
                0x00000000000193e8                warn_opendir
 .text.xopendir
                0x0000000000019414       0x24 libbb/lib.a(xfuncs_printf.o)
                0x0000000000019414                xopendir
 .text.xsocket  0x0000000000019438       0x1c libbb/lib.a(xfuncs_printf.o)
                0x0000000000019438                xsocket
 .text.xbind    0x0000000000019454       0x1c libbb/lib.a(xfuncs_printf.o)
                0x0000000000019454                xbind
 .text.xlisten  0x0000000000019470       0x1c libbb/lib.a(xfuncs_printf.o)
                0x0000000000019470                xlisten
 .text.xsendto  0x000000000001948c       0x30 libbb/lib.a(xfuncs_printf.o)
                0x000000000001948c                xsendto
 .text.xstat    0x00000000000194bc       0x24 libbb/lib.a(xfuncs_printf.o)
                0x00000000000194bc                xstat
 .text.xfstat   0x00000000000194e0       0x1c libbb/lib.a(xfuncs_printf.o)
                0x00000000000194e0                xfstat
 .text.ioctl_or_perror_and_die
                0x00000000000194fc       0x7c libbb/lib.a(xfuncs_printf.o)
                0x00000000000194fc                ioctl_or_perror_and_die
 .text.ioctl_or_perror
                0x0000000000019578       0x7c libbb/lib.a(xfuncs_printf.o)
                0x0000000000019578                ioctl_or_perror
 .text.bb_ioctl_or_warn
                0x00000000000195f4       0x24 libbb/lib.a(xfuncs_printf.o)
                0x00000000000195f4                bb_ioctl_or_warn
 .text.bb_xioctl
                0x0000000000019618       0x1c libbb/lib.a(xfuncs_printf.o)
                0x0000000000019618                bb_xioctl
 .text.xmalloc_ttyname
                0x0000000000019634       0x54 libbb/lib.a(xfuncs_printf.o)
                0x0000000000019634                xmalloc_ttyname
 .text.generate_uuid
                0x0000000000019688       0xa4 libbb/lib.a(xfuncs_printf.o)
                0x0000000000019688                generate_uuid
 .text.xfork    0x000000000001972c       0x1c libbb/lib.a(xfuncs_printf.o)
                0x000000000001972c                xfork
 .text.xvfork_parent_waits_and_exits
                0x0000000000019748       0x50 libbb/lib.a(xfuncs_printf.o)
                0x0000000000019748                xvfork_parent_waits_and_exits
 .text.xmalloc_readlink
                0x0000000000019798       0x64 libbb/lib.a(xreadlink.o)
                0x0000000000019798                xmalloc_readlink
 .text.xmalloc_follow_symlinks
                0x00000000000197fc       0xb8 libbb/lib.a(xreadlink.o)
                0x00000000000197fc                xmalloc_follow_symlinks
 .text.xmalloc_readlink_or_warn
                0x00000000000198b4       0x54 libbb/lib.a(xreadlink.o)
                0x00000000000198b4                xmalloc_readlink_or_warn
 .text.xmalloc_realpath
                0x0000000000019908        0x8 libbb/lib.a(xreadlink.o)
                0x0000000000019908                xmalloc_realpath
 .text.bb_full_fd_action
                0x0000000000019910      0x1cc libbb/lib.a(copyfd.o)
 .text.bb_copyfd_size
                0x0000000000019adc       0x2c libbb/lib.a(copyfd.o)
                0x0000000000019adc                bb_copyfd_size
 .text.bb_copyfd_exact_size
                0x0000000000019b08       0x54 libbb/lib.a(copyfd.o)
                0x0000000000019b08                bb_copyfd_exact_size
 .text.bb_copyfd_eof
                0x0000000000019b5c        0xc libbb/lib.a(copyfd.o)
                0x0000000000019b5c                bb_copyfd_eof
 .text.full_write
                0x0000000000019b68       0x54 libbb/lib.a(full_write.o)
                0x0000000000019b68                full_write
 .text.safe_read
                0x0000000000019bbc       0x44 libbb/lib.a(read.o)
                0x0000000000019bbc                safe_read
 .text.full_read
                0x0000000000019c00       0x58 libbb/lib.a(read.o)
                0x0000000000019c00                full_read
 .text.read_close
                0x0000000000019c58       0x20 libbb/lib.a(read.o)
                0x0000000000019c58                read_close
 .text.open_read_close
                0x0000000000019c78       0x2c libbb/lib.a(read.o)
                0x0000000000019c78                open_read_close
 .text.safe_write
                0x0000000000019ca4       0x4c libbb/lib.a(safe_write.o)
                0x0000000000019ca4                safe_write
 .text.record_signo
                0x0000000000019cf0       0x10 libbb/lib.a(signals.o)
                0x0000000000019cf0                record_signo
 .text.sigaction_set
                0x0000000000019d00        0x8 libbb/lib.a(signals.o)
                0x0000000000019d00                sigaction_set
 .text.sigprocmask_allsigs
                0x0000000000019d08       0x50 libbb/lib.a(signals.o)
                0x0000000000019d08                sigprocmask_allsigs
 .text.bb_signals
                0x0000000000019d58       0x40 libbb/lib.a(signals.o)
                0x0000000000019d58                bb_signals
 .text.bb_signals_recursive_norestart
                0x0000000000019d98       0x88 libbb/lib.a(signals.o)
                0x0000000000019d98                bb_signals_recursive_norestart
 .text.sig_block
                0x0000000000019e20       0x5c libbb/lib.a(signals.o)
                0x0000000000019e20                sig_block
 .text.sig_unblock
                0x0000000000019e7c       0x5c libbb/lib.a(signals.o)
                0x0000000000019e7c                sig_unblock
 .text.wait_for_any_sig
                0x0000000000019ed8       0x44 libbb/lib.a(signals.o)
                0x0000000000019ed8                wait_for_any_sig
 .text.kill_myself_with_sig
                0x0000000000019f1c       0x28 libbb/lib.a(signals.o)
                0x0000000000019f1c                kill_myself_with_sig
 .text.signal_SA_RESTART_empty_mask
                0x0000000000019f44       0x64 libbb/lib.a(signals.o)
                0x0000000000019f44                signal_SA_RESTART_empty_mask
 .text.signal_no_SA_RESTART_empty_mask
                0x0000000000019fa8       0x5c libbb/lib.a(signals.o)
                0x0000000000019fa8                signal_no_SA_RESTART_empty_mask
 .text.get_mono
                0x000000000001a004       0x2c libbb/lib.a(time.o)
 .text.parse_datestr
                0x000000000001a030      0x4a4 libbb/lib.a(time.o)
                0x000000000001a030                parse_datestr
 .text.validate_tm_time
                0x000000000001a4d4       0x28 libbb/lib.a(time.o)
                0x000000000001a4d4                validate_tm_time
 .text.strftime_HHMMSS
                0x000000000001a4fc       0x70 libbb/lib.a(time.o)
                0x000000000001a4fc                strftime_HHMMSS
 .text.strftime_YYYYMMDDHHMMSS
                0x000000000001a56c       0x70 libbb/lib.a(time.o)
                0x000000000001a56c                strftime_YYYYMMDDHHMMSS
 .text.monotonic_us
                0x000000000001a5dc       0x6c libbb/lib.a(time.o)
                0x000000000001a5dc                monotonic_us
 .text.monotonic_ms
                0x000000000001a648       0x68 libbb/lib.a(time.o)
                0x000000000001a648                monotonic_ms
 .text.monotonic_sec
                0x000000000001a6b0       0x3c libbb/lib.a(time.o)
                0x000000000001a6b0                monotonic_sec
 .text.handle_errors.isra.0
                0x000000000001a6ec       0x60 libbb/lib.a(bb_strtonum.o)
 .text.bb_strtoull
                0x000000000001a74c       0x98 libbb/lib.a(bb_strtonum.o)
                0x000000000001a74c                bb_strtoull
 .text.bb_strtoll
                0x000000000001a7e4       0xa0 libbb/lib.a(bb_strtonum.o)
                0x000000000001a7e4                bb_strtoll
 .text.bb_strtoul
                0x000000000001a884       0x94 libbb/lib.a(bb_strtonum.o)
                0x000000000001a884                bb_strtoul
 .text.bb_strtol
                0x000000000001a918       0xa0 libbb/lib.a(bb_strtonum.o)
                0x000000000001a918                bb_strtol
 .text.get_S    0x000000000001a9b8       0x68 libpwdgrp/lib.a(pwd_grp.o)
 .text.tokenize
                0x000000000001aa20       0xbc libpwdgrp/lib.a(pwd_grp.o)
 .text.parse_common
                0x000000000001aadc       0xf8 libpwdgrp/lib.a(pwd_grp.o)
 .text.parse_file
                0x000000000001abd4       0x48 libpwdgrp/lib.a(pwd_grp.o)
 .text.convert_to_struct
                0x000000000001ac1c      0x168 libpwdgrp/lib.a(pwd_grp.o)
 .text.massage_data_for_r_func
                0x000000000001ad84       0x8c libpwdgrp/lib.a(pwd_grp.o)
 .text.massage_data_for_non_r_func
                0x000000000001ae10       0x78 libpwdgrp/lib.a(pwd_grp.o)
 .text.getXXnam
                0x000000000001ae88       0x38 libpwdgrp/lib.a(pwd_grp.o)
 .text.getgrouplist_internal
                0x000000000001aec0      0x12c libpwdgrp/lib.a(pwd_grp.o)
 .text.bb_internal_getspnam_r
                0x000000000001afec       0x4c libpwdgrp/lib.a(pwd_grp.o)
                0x000000000001afec                bb_internal_getspnam_r
 .text.bb_internal_getpwent
                0x000000000001b038       0x58 libpwdgrp/lib.a(pwd_grp.o)
                0x000000000001b038                bb_internal_getpwent
 .text.bb_internal_getpwnam
                0x000000000001b090        0x8 libpwdgrp/lib.a(pwd_grp.o)
                0x000000000001b090                bb_internal_getpwnam
 .text.bb_internal_getgrnam
                0x000000000001b098        0x8 libpwdgrp/lib.a(pwd_grp.o)
                0x000000000001b098                bb_internal_getgrnam
 .text.bb_internal_getpwuid
                0x000000000001b0a0       0x14 libpwdgrp/lib.a(pwd_grp.o)
                0x000000000001b0a0                bb_internal_getpwuid
 .text.bb_internal_getgrgid
                0x000000000001b0b4       0x14 libpwdgrp/lib.a(pwd_grp.o)
                0x000000000001b0b4                bb_internal_getgrgid
 .text.bb_internal_endpwent
                0x000000000001b0c8       0x38 libpwdgrp/lib.a(pwd_grp.o)
                0x000000000001b0c8                bb_internal_endpwent
 .text.bb_internal_setpwent
                0x000000000001b100       0x24 libpwdgrp/lib.a(pwd_grp.o)
                0x000000000001b100                bb_internal_setpwent
 .text.bb_internal_endgrent
                0x000000000001b124       0x38 libpwdgrp/lib.a(pwd_grp.o)
                0x000000000001b124                bb_internal_endgrent
 .text.bb_internal_initgroups
                0x000000000001b15c       0x60 libpwdgrp/lib.a(pwd_grp.o)
                0x000000000001b15c                bb_internal_initgroups
 .text.bb_internal_getgrouplist
                0x000000000001b1bc       0x54 libpwdgrp/lib.a(pwd_grp.o)
                0x000000000001b1bc                bb_internal_getgrouplist
 .text.get_uidgid
                0x000000000001b210      0x134 libpwdgrp/lib.a(uidgid_get.o)
                0x000000000001b210                get_uidgid
 .text.xget_uidgid
                0x000000000001b344       0x24 libpwdgrp/lib.a(uidgid_get.o)
                0x000000000001b344                xget_uidgid
 .text.parse_chown_usergroup_or_die
                0x000000000001b368       0xa0 libpwdgrp/lib.a(uidgid_get.o)
                0x000000000001b368                parse_chown_usergroup_or_die
 .text.add_remove_shell_main
                0x000000000001b408      0x184 loginutils/lib.a(add-remove-shell.o)
                0x000000000001b408                add_remove_shell_main
 .text.addgroup_main
                0x000000000001b58c      0x258 loginutils/lib.a(addgroup.o)
                0x000000000001b58c                addgroup_main
 .text.addgroup_wrapper
                0x000000000001b7e4       0xa4 loginutils/lib.a(adduser.o)
 .text.adduser_main
                0x000000000001b888      0x46c loginutils/lib.a(adduser.o)
                0x000000000001b888                adduser_main
 .text.chpasswd_main
                0x000000000001bcf4      0x1bc loginutils/lib.a(chpasswd.o)
                0x000000000001bcf4                chpasswd_main
 .text.cryptpw_main
                0x000000000001beb0      0x160 loginutils/lib.a(cryptpw.o)
                0x000000000001beb0                cryptpw_main
 .text.deluser_main
                0x000000000001c010      0x1bc loginutils/lib.a(deluser.o)
                0x000000000001c010                deluser_main
 .text.sleep10  0x000000000001c1cc        0x8 loginutils/lib.a(getty.o)
 .text.bcode    0x000000000001c1d4       0x20 loginutils/lib.a(getty.o)
 .text.set_tty_attrs
                0x000000000001c1f4       0x2c loginutils/lib.a(getty.o)
 .text.finalize_tty_attrs
                0x000000000001c220       0x84 loginutils/lib.a(getty.o)
 .text.alarm_handler
                0x000000000001c2a4       0x10 loginutils/lib.a(getty.o)
 .text.getty_main
                0x000000000001c2b4      0x794 loginutils/lib.a(getty.o)
                0x000000000001c2b4                getty_main
 .text.alarm_handler
                0x000000000001ca48       0x40 loginutils/lib.a(login.o)
 .text.login_main
                0x000000000001ca88      0x524 loginutils/lib.a(login.o)
                0x000000000001ca88                login_main
 .text.passwd_main
                0x000000000001cfac      0x4a4 loginutils/lib.a(passwd.o)
                0x000000000001cfac                passwd_main
 .text.su_main  0x000000000001d450      0x264 loginutils/lib.a(su.o)
                0x000000000001d450                su_main
 .text.sulogin_main
                0x000000000001d6b4      0x170 loginutils/lib.a(sulogin.o)
                0x000000000001d6b4                sulogin_main
 .text.acquire_vt
                0x000000000001d824       0x14 loginutils/lib.a(vlock.o)
 .text.release_vt
                0x000000000001d838       0x24 loginutils/lib.a(vlock.o)
 .text.vlock_main
                0x000000000001d85c      0x1e4 loginutils/lib.a(vlock.o)
                0x000000000001d85c                vlock_main
 .text.makemime_main
                0x000000000001da40      0x1ec mailutils/lib.a(makemime.o)
                0x000000000001da40                makemime_main
 .text.pop3_checkr
                0x000000000001dc2c       0xa0 mailutils/lib.a(popmaildir.o)
 .text.popmaildir_main
                0x000000000001dccc      0x424 mailutils/lib.a(popmaildir.o)
                0x000000000001dccc                popmaildir_main
 .text.find_token
                0x000000000001e0f0       0x48 mailutils/lib.a(reformime.o)
 .text.parse    0x000000000001e138      0x4bc mailutils/lib.a(reformime.o)
 .text.reformime_main
                0x000000000001e5f4       0xd4 mailutils/lib.a(reformime.o)
                0x000000000001e5f4                reformime_main
 .text.smtp_checkp
                0x000000000001e6c8       0xd8 mailutils/lib.a(sendmail.o)
 .text.rcptto   0x000000000001e7a0       0x44 mailutils/lib.a(sendmail.o)
 .text.smtp_check
                0x000000000001e7e4        0xc mailutils/lib.a(sendmail.o)
 .text.sane_address
                0x000000000001e7f0       0x6c mailutils/lib.a(sendmail.o)
 .text.angle_address
                0x000000000001e85c       0x48 mailutils/lib.a(sendmail.o)
 .text.rcptto_list
                0x000000000001e8a4       0xa4 mailutils/lib.a(sendmail.o)
 .text.send_r_n
                0x000000000001e948       0x48 mailutils/lib.a(sendmail.o)
 .text.sendmail_main
                0x000000000001e990      0x5c0 mailutils/lib.a(sendmail.o)
                0x000000000001e990                sendmail_main
 .text.kill_helper
                0x000000000001ef50       0x30 mailutils/lib.a(mail.o)
 .text.signal_handler
                0x000000000001ef80       0x90 mailutils/lib.a(mail.o)
 .text.launch_helper
                0x000000000001f010      0x100 mailutils/lib.a(mail.o)
                0x000000000001f010                launch_helper
 .text.send_mail_command
                0x000000000001f110       0x7c mailutils/lib.a(mail.o)
                0x000000000001f110                send_mail_command
 .text.encode_base64
                0x000000000001f18c      0x178 mailutils/lib.a(mail.o)
                0x000000000001f18c                encode_base64
 .text.get_cred_or_die
                0x000000000001f304       0xa8 mailutils/lib.a(mail.o)
                0x000000000001f304                get_cred_or_die
 .text.adjtimex_main
                0x000000000001f3ac      0x224 miscutils/lib.a(adjtimex.o)
                0x000000000001f3ac                adjtimex_main
 .text.beep_main
                0x000000000001f5d0      0x160 miscutils/lib.a(beep.o)
                0x000000000001f5d0                beep_main
 .text.signal_handler
                0x000000000001f730       0x14 miscutils/lib.a(chat.o)
 .text.unescape
                0x000000000001f744       0xd8 miscutils/lib.a(chat.o)
 .text.chat_main
                0x000000000001f81c      0x5e0 miscutils/lib.a(chat.o)
                0x000000000001f81c                chat_main
 .text.create_cdev_if_doesnt_exist
                0x000000000001fdfc       0x5c miscutils/lib.a(conspy.o)
 .text.start_shell_in_child
                0x000000000001fe58      0x120 miscutils/lib.a(conspy.o)
 .text.putcsi   0x000000000001ff78       0x30 miscutils/lib.a(conspy.o)
 .text.set_cursor
                0x000000000001ffa8       0x48 miscutils/lib.a(conspy.o)
 .text.gotoxy   0x000000000001fff0       0x44 miscutils/lib.a(conspy.o)
 .text.screen_char
                0x0000000000020034      0x150 miscutils/lib.a(conspy.o)
 .text.screen_dump
                0x0000000000020184       0xe8 miscutils/lib.a(conspy.o)
 .text.cleanup  0x000000000002026c       0x68 miscutils/lib.a(conspy.o)
 .text.screen_read_close
                0x00000000000202d4      0x12c miscutils/lib.a(conspy.o)
 .text.conspy_main
                0x0000000000020400      0x5d0 miscutils/lib.a(conspy.o)
                0x0000000000020400                conspy_main
 .text.crondlog
                0x00000000000209d0       0x60 miscutils/lib.a(crond.o)
 .text.log8     0x0000000000020a30       0x50 miscutils/lib.a(crond.o)
 .text.log5     0x0000000000020a80       0x50 miscutils/lib.a(crond.o)
 .text.reopen_logfile_to_stderr
                0x0000000000020ad0       0x4c miscutils/lib.a(crond.o)
 .text.delete_cronfile
                0x0000000000020b1c       0xa8 miscutils/lib.a(crond.o)
 .text.ParseField
                0x0000000000020bc4      0x260 miscutils/lib.a(crond.o)
 .text.fork_job
                0x0000000000020e24      0x200 miscutils/lib.a(crond.o)
 .text.log7.constprop.0
                0x0000000000021024       0x54 miscutils/lib.a(crond.o)
 .text.load_crontab
                0x0000000000021078      0x3b8 miscutils/lib.a(crond.o)
 .text.rescan_crontab_dir
                0x0000000000021430       0xf8 miscutils/lib.a(crond.o)
 .text.crond_main
                0x0000000000021528      0x780 miscutils/lib.a(crond.o)
                0x0000000000021528                crond_main
 .text.edit_file
                0x0000000000021ca8       0x9c miscutils/lib.a(crontab.o)
 .text.crontab_main
                0x0000000000021d44      0x2f0 miscutils/lib.a(crontab.o)
                0x0000000000021d44                crontab_main
 .text.pop      0x0000000000022034       0x98 miscutils/lib.a(dc.o)
 .text.push     0x00000000000220cc       0x9c miscutils/lib.a(dc.o)
 .text.divide   0x0000000000022168       0x28 miscutils/lib.a(dc.o)
 .text.mul      0x0000000000022190       0x30 miscutils/lib.a(dc.o)
 .text.sub      0x00000000000221c0       0x28 miscutils/lib.a(dc.o)
 .text.add      0x00000000000221e8       0x30 miscutils/lib.a(dc.o)
 .text.eor      0x0000000000022218       0x50 miscutils/lib.a(dc.o)
 .text.not      0x0000000000022268       0x20 miscutils/lib.a(dc.o)
 .text.or       0x0000000000022288       0x50 miscutils/lib.a(dc.o)
 .text.and      0x00000000000222d8       0x50 miscutils/lib.a(dc.o)
 .text.mod      0x0000000000022328       0x54 miscutils/lib.a(dc.o)
 .text.stack_machine
                0x000000000002237c       0xc0 miscutils/lib.a(dc.o)
 .text.set_output_base
                0x000000000002243c       0x74 miscutils/lib.a(dc.o)
 .text.print_base
                0x00000000000224b0      0x168 miscutils/lib.a(dc.o)
 .text.print_stack_no_pop
                0x0000000000022618       0x88 miscutils/lib.a(dc.o)
 .text.power    0x00000000000226a0       0x28 miscutils/lib.a(dc.o)
 .text.print_no_pop
                0x00000000000226c8       0x84 miscutils/lib.a(dc.o)
 .text.dc_main  0x000000000002274c       0x78 miscutils/lib.a(dc.o)
                0x000000000002274c                dc_main
 .text.devmem_main
                0x00000000000227c4      0x22c miscutils/lib.a(devmem.o)
                0x00000000000227c4                devmem_main
 .text.fb_pixel_value
                0x00000000000229f0       0x7c miscutils/lib.a(fbsplash.o)
 .text.fb_write_pixel
                0x0000000000022a6c       0x4c miscutils/lib.a(fbsplash.o)
 .text.fb_drawfullrectangle
                0x0000000000022ab8       0x84 miscutils/lib.a(fbsplash.o)
 .text.fb_drawprogressbar
                0x0000000000022b3c      0x1f8 miscutils/lib.a(fbsplash.o)
 .text.fb_setpal
                0x0000000000022d34       0xd8 miscutils/lib.a(fbsplash.o)
 .text.fbsplash_main
                0x0000000000022e0c      0x4f0 miscutils/lib.a(fbsplash.o)
                0x0000000000022e0c                fbsplash_main
 .text.parse_opts
                0x00000000000232fc       0x34 miscutils/lib.a(hdparm.o)
 .text.parse_opts_0_1
                0x0000000000023330        0xc miscutils/lib.a(hdparm.o)
 .text.parse_opts_0_INTMAX
                0x000000000002333c        0xc miscutils/lib.a(hdparm.o)
 .text.translate_xfermode
                0x0000000000023348       0x88 miscutils/lib.a(hdparm.o)
 .text.read_big_block
                0x00000000000233d0       0x38 miscutils/lib.a(hdparm.o)
 .text.on_off   0x0000000000023408       0x20 miscutils/lib.a(hdparm.o)
 .text.mode_loop
                0x0000000000023428       0x94 miscutils/lib.a(hdparm.o)
 .text.xprint_ascii
                0x00000000000234bc       0x88 miscutils/lib.a(hdparm.o)
 .text.print_value_on_off
                0x0000000000023544       0x30 miscutils/lib.a(hdparm.o)
 .text.bus_state_value
                0x0000000000023574       0x48 miscutils/lib.a(hdparm.o)
 .text.identify_from_stdin
                0x00000000000235bc       0xa8 miscutils/lib.a(hdparm.o)
 .text.dump_identity
                0x0000000000023664      0x524 miscutils/lib.a(hdparm.o)
 .text.seek_to_zero
                0x0000000000023b88       0x24 miscutils/lib.a(hdparm.o)
 .text.flush_buffer_cache
                0x0000000000023bac       0x74 miscutils/lib.a(hdparm.o)
 .text.do_time  0x0000000000023c20      0x230 miscutils/lib.a(hdparm.o)
 .text.print_flag_on_off.constprop.0
                0x0000000000023e50       0x2c miscutils/lib.a(hdparm.o)
 .text.ioctl_alt_func.constprop.1
                0x0000000000023e7c       0x48 miscutils/lib.a(hdparm.o)
 .text.process_dev
                0x0000000000023ec4     0x1678 miscutils/lib.a(hdparm.o)
 .text.hdparm_main
                0x000000000002553c      0x9e0 miscutils/lib.a(hdparm.o)
                0x000000000002553c                hdparm_main
 .text.i2c_bus_lookup
                0x0000000000025f1c       0x14 miscutils/lib.a(i2c_tools.o)
 .text.i2c_dev_open
                0x0000000000025f30       0x9c miscutils/lib.a(i2c_tools.o)
 .text.check_funcs_test_end
                0x0000000000025fcc       0x3c miscutils/lib.a(i2c_tools.o)
 .text.check_read_funcs
                0x0000000000026008      0x11c miscutils/lib.a(i2c_tools.o)
 .text.i2c_set_slave_addr
                0x0000000000026124       0x3c miscutils/lib.a(i2c_tools.o)
 .text.confirm_or_abort
                0x0000000000026160       0x38 miscutils/lib.a(i2c_tools.o)
 .text.confirm_action
                0x0000000000026198       0x84 miscutils/lib.a(i2c_tools.o)
 .text.i2c_smbus_access
                0x000000000002621c       0x50 miscutils/lib.a(i2c_tools.o)
 .text.i2c_smbus_read_byte
                0x000000000002626c       0x54 miscutils/lib.a(i2c_tools.o)
 .text.i2c_smbus_read_word_data
                0x00000000000262c0       0x54 miscutils/lib.a(i2c_tools.o)
 .text.i2c_smbus_read_byte_data
                0x0000000000026314       0x54 miscutils/lib.a(i2c_tools.o)
 .text.list_i2c_busses_and_exit
                0x0000000000026368      0x280 miscutils/lib.a(i2c_tools.o)
 .text.i2cget_main
                0x00000000000265e8      0x218 miscutils/lib.a(i2c_tools.o)
                0x00000000000265e8                i2cget_main
 .text.i2cset_main
                0x0000000000026800      0x628 miscutils/lib.a(i2c_tools.o)
                0x0000000000026800                i2cset_main
 .text.i2cdump_main
                0x0000000000026e28      0x768 miscutils/lib.a(i2c_tools.o)
                0x0000000000026e28                i2cdump_main
 .text.i2cdetect_main
                0x0000000000027590      0x3a0 miscutils/lib.a(i2c_tools.o)
                0x0000000000027590                i2cdetect_main
 .text.at_end   0x0000000000027930       0x78 miscutils/lib.a(less.o)
 .text.safe_lineno
                0x00000000000279a8       0x34 miscutils/lib.a(less.o)
 .text.opp_bracket
                0x00000000000279dc       0x5c miscutils/lib.a(less.o)
 .text.sigwinch_handler
                0x0000000000027a38       0x1c miscutils/lib.a(less.o)
 .text.set_tty_cooked
                0x0000000000027a54       0x28 miscutils/lib.a(less.o)
 .text.clear_line
                0x0000000000027a7c       0x24 miscutils/lib.a(less.o)
 .text.less_exit
                0x0000000000027aa0       0x48 miscutils/lib.a(less.o)
 .text.sig_catcher
                0x0000000000027ae8        0xc miscutils/lib.a(less.o)
 .text.print_statusline
                0x0000000000027af4       0x38 miscutils/lib.a(less.o)
 .text.fill_match_lines
                0x0000000000027b2c       0xb4 miscutils/lib.a(less.o)
 .text.read_lines
                0x0000000000027be0      0x358 miscutils/lib.a(less.o)
 .text.goto_lineno
                0x0000000000027f38       0xa0 miscutils/lib.a(less.o)
 .text.cap_cur_fline
                0x0000000000027fd8       0x94 miscutils/lib.a(less.o)
 .text.re_wrap  0x000000000002806c      0x208 miscutils/lib.a(less.o)
 .text.update_num_lines
                0x0000000000028274      0x134 miscutils/lib.a(less.o)
 .text.m_status_print
                0x00000000000283a8      0x168 miscutils/lib.a(less.o)
 .text.status_print
                0x0000000000028510       0xbc miscutils/lib.a(less.o)
 .text.buffer_print
                0x00000000000285cc      0x38c miscutils/lib.a(less.o)
 .text.buffer_fill_and_print
                0x0000000000028958       0xe4 miscutils/lib.a(less.o)
 .text.reinitialize
                0x0000000000028a3c       0xe4 miscutils/lib.a(less.o)
 .text.change_file
                0x0000000000028b20       0x88 miscutils/lib.a(less.o)
 .text.buffer_down
                0x0000000000028ba8       0x54 miscutils/lib.a(less.o)
 .text.buffer_up
                0x0000000000028bfc       0x5c miscutils/lib.a(less.o)
 .text.buffer_to_line
                0x0000000000028c58       0x4c miscutils/lib.a(less.o)
 .text.goto_match
                0x0000000000028ca4       0x80 miscutils/lib.a(less.o)
 .text.getch_nowait
                0x0000000000028d24      0x160 miscutils/lib.a(less.o)
 .text.less_getch
                0x0000000000028e84       0x50 miscutils/lib.a(less.o)
 .text.less_gets
                0x0000000000028ed4       0xd8 miscutils/lib.a(less.o)
 .text.examine_file
                0x0000000000028fac       0x8c miscutils/lib.a(less.o)
 .text.regex_process
                0x0000000000029038      0x128 miscutils/lib.a(less.o)
 .text.less_main
                0x0000000000029160      0xbc8 miscutils/lib.a(less.o)
                0x0000000000029160                less_main
 .text.get_line
                0x0000000000029d28       0x54 miscutils/lib.a(lsscsi.o)
 .text.lsscsi_main
                0x0000000000029d7c      0x1c4 miscutils/lib.a(lsscsi.o)
                0x0000000000029d7c                lsscsi_main
 .text.makedevs_main
                0x0000000000029f40      0x494 miscutils/lib.a(makedevs.o)
                0x0000000000029f40                makedevs_main
 .text.if_redefined
                0x000000000002a3d4       0x58 miscutils/lib.a(man.o)
 .text.add_MANPATH
                0x000000000002a42c       0xc8 miscutils/lib.a(man.o)
 .text.run_pipe
                0x000000000002a4f4      0x254 miscutils/lib.a(man.o)
 .text.show_manpage
                0x000000000002a748       0xdc miscutils/lib.a(man.o)
 .text.man_main
                0x000000000002a824      0x560 miscutils/lib.a(man.o)
                0x000000000002a824                man_main
 .text.microcom_main
                0x000000000002ad84      0x388 miscutils/lib.a(microcom.o)
                0x000000000002ad84                microcom_main
 .text.mt_main  0x000000000002b10c      0x15c miscutils/lib.a(mt.o)
                0x000000000002b10c                mt_main
 .text.next_good_eraseblock
                0x000000000002b268       0xe0 miscutils/lib.a(nandwrite.o)
 .text.dump_bad
                0x000000000002b348       0xb0 miscutils/lib.a(nandwrite.o)
 .text.nandwrite_main
                0x000000000002b3f8      0x530 miscutils/lib.a(nandwrite.o)
                0x000000000002b3f8                nandwrite_main
 .text.partprobe_main
                0x000000000002b928       0x80 miscutils/lib.a(partprobe.o)
                0x000000000002b928                partprobe_main
 .text.raidautorun_main
                0x000000000002b9a8       0x34 miscutils/lib.a(raidautorun.o)
                0x000000000002b9a8                raidautorun_main
 .text.readahead_main
                0x000000000002b9dc       0xa8 miscutils/lib.a(readahead.o)
                0x000000000002b9dc                readahead_main
 .text.runlevel_main
                0x000000000002ba84       0x84 miscutils/lib.a(runlevel.o)
                0x000000000002ba84                runlevel_main
 .text.sigalrm_handler
                0x000000000002bb08        0x4 miscutils/lib.a(rx.o)
 .text.read_byte
                0x000000000002bb0c       0x5c miscutils/lib.a(rx.o)
 .text.rx_main  0x000000000002bb68      0x424 miscutils/lib.a(rx.o)
                0x000000000002bb68                rx_main
 .text.index_in_strings_case_insensitive
                0x000000000002bf8c       0x54 miscutils/lib.a(setserial.o)
 .text.get_numeric
                0x000000000002bfe0        0xc miscutils/lib.a(setserial.o)
 .text.serial_ctl
                0x000000000002bfec       0xbc miscutils/lib.a(setserial.o)
 .text.setserial_main
                0x000000000002c0a8      0x650 miscutils/lib.a(setserial.o)
                0x000000000002c0a8                setserial_main
 .text.strings_main
                0x000000000002c6f8      0x214 miscutils/lib.a(strings.o)
                0x000000000002c6f8                strings_main
 .text.ptok     0x000000000002c90c       0x34 miscutils/lib.a(time.o)
 .text.run_command
                0x000000000002c940       0xe8 miscutils/lib.a(time.o)
 .text.time_main
                0x000000000002ca28      0x644 miscutils/lib.a(time.o)
                0x000000000002ca28                time_main
 .text.ttysize_main
                0x000000000002d06c       0xd4 miscutils/lib.a(ttysize.o)
                0x000000000002d06c                ttysize_main
 .text.get_num_from_file
                0x000000000002d140       0x9c miscutils/lib.a(ubi_tools.o)
 .text.ubi_tools_main
                0x000000000002d1dc      0x53c miscutils/lib.a(ubi_tools.o)
                0x000000000002d1dc                ubi_tools_main
 .text.ubirename_main
                0x000000000002d718      0x13c miscutils/lib.a(ubirename.o)
                0x000000000002d718                ubirename_main
 .text.volname_main
                0x000000000002d854       0xa8 miscutils/lib.a(volname.o)
                0x000000000002d854                volname_main
 .text.watchdog_shutdown
                0x000000000002d8fc       0x40 miscutils/lib.a(watchdog.o)
 .text.watchdog_main
                0x000000000002d93c      0x160 miscutils/lib.a(watchdog.o)
                0x000000000002d93c                watchdog_main
 .text.display  0x000000000002da9c       0x80 modutils/lib.a(modinfo.o)
 .text.modinfo  0x000000000002db1c      0x1dc modutils/lib.a(modinfo.o)
 .text.modinfo_main
                0x000000000002dcf8      0x1a8 modutils/lib.a(modinfo.o)
                0x000000000002dcf8                modinfo_main
 .text.replace  0x000000000002dea0       0x1c modutils/lib.a(modprobe-small.o)
 .text.filename2modname
                0x000000000002debc       0x3c modutils/lib.a(modprobe-small.o)
 .text.moderror
                0x000000000002def8       0x58 modutils/lib.a(modprobe-small.o)
 .text.load_dep_bb
                0x000000000002df50      0x130 modutils/lib.a(modprobe-small.o)
 .text.find_keyword
                0x000000000002e080       0x70 modutils/lib.a(modprobe-small.o)
 .text.copy_stringbuf
                0x000000000002e0f0       0x2c modutils/lib.a(modprobe-small.o)
 .text.append   0x000000000002e11c       0x70 modutils/lib.a(modprobe-small.o)
 .text.rmmod    0x000000000002e18c       0x7c modutils/lib.a(modprobe-small.o)
 .text.str_2_list
                0x000000000002e208       0x48 modutils/lib.a(modprobe-small.o)
 .text.load_module
                0x000000000002e250       0xd0 modutils/lib.a(modprobe-small.o)
 .text.parse_module
                0x000000000002e320      0x228 modutils/lib.a(modprobe-small.o)
 .text.find_alias
                0x000000000002e548      0x354 modutils/lib.a(modprobe-small.o)
 .text.process_module
                0x000000000002e89c      0x390 modutils/lib.a(modprobe-small.o)
 .text.fileAction
                0x000000000002ec2c      0x114 modutils/lib.a(modprobe-small.o)
 .text.lsmod_main
                0x000000000002ed40       0x1c modutils/lib.a(modprobe-small.o)
                0x000000000002ed40                lsmod_main
 .text.modprobe_main
                0x000000000002ed5c      0x280 modutils/lib.a(modprobe-small.o)
                0x000000000002ed5c                modprobe_main
 .text.filename2modname
                0x000000000002efdc       0x98 modutils/lib.a(modutils.o)
                0x000000000002efdc                filename2modname
 .text.arp_show
                0x000000000002f074      0x3f4 networking/lib.a(arp.o)
 .text.arp_main
                0x000000000002f468      0x7d0 networking/lib.a(arp.o)
                0x000000000002f468                arp_main
 .text.finish   0x000000000002fc38      0x144 networking/lib.a(arping.o)
 .text.catcher  0x000000000002fd7c      0x2ec networking/lib.a(arping.o)
 .text.arping_main
                0x0000000000030068      0xabc networking/lib.a(arping.o)
                0x0000000000030068                arping_main
 .text.brctl_main
                0x0000000000030b24      0x554 networking/lib.a(brctl.o)
                0x0000000000030b24                brctl_main
 .text.undot    0x0000000000031078       0x3c networking/lib.a(dnsd.o)
 .text.dnsd_main
                0x00000000000310b4      0x604 networking/lib.a(dnsd.o)
                0x00000000000310b4                dnsd_main
 .text.ether_wake_main
                0x00000000000316b8      0x2ec networking/lib.a(ether-wake.o)
                0x00000000000316b8                ether_wake_main
 .text.verbose_log
                0x00000000000319a4       0x2c networking/lib.a(ftpd.o)
 .text.cmdio_get_cmd_and_arg
                0x00000000000319d0      0x20c networking/lib.a(ftpd.o)
 .text.cmdio_write_ok
                0x0000000000031bdc       0x68 networking/lib.a(ftpd.o)
 .text.cmdio_write_error
                0x0000000000031c44       0x64 networking/lib.a(ftpd.o)
 .text.escape_text
                0x0000000000031ca8       0x9c networking/lib.a(ftpd.o)
 .text.cmdio_write
                0x0000000000031d44       0xa8 networking/lib.a(ftpd.o)
 .text.handle_cwd
                0x0000000000031dec       0x60 networking/lib.a(ftpd.o)
 .text.port_pasv_cleanup
                0x0000000000031e4c       0x80 networking/lib.a(ftpd.o)
 .text.get_remote_transfer_fd
                0x0000000000031ecc       0xa8 networking/lib.a(ftpd.o)
 .text.bind_for_passive_mode
                0x0000000000031f74      0x124 networking/lib.a(ftpd.o)
 .text.cmdio_write_raw
                0x0000000000032098       0x4c networking/lib.a(ftpd.o)
 .text.timeout_handler
                0x00000000000320e4      0x138 networking/lib.a(ftpd.o)
 .text.port_or_pasv_was_seen
                0x000000000003221c       0x74 networking/lib.a(ftpd.o)
 .text.handle_upload_common
                0x0000000000032290      0x240 networking/lib.a(ftpd.o)
 .text.handle_dir_common
                0x00000000000324d0      0x1f8 networking/lib.a(ftpd.o)
 .text.ftpd_main
                0x00000000000326c8      0xe90 networking/lib.a(ftpd.o)
                0x00000000000326c8                ftpd_main
 .text.ftp_die  0x0000000000033558       0x58 networking/lib.a(ftpgetput.o)
 .text.ftpcmd   0x00000000000335b0      0x140 networking/lib.a(ftpgetput.o)
 .text.xconnect_ftpdata
                0x00000000000336f0       0xe8 networking/lib.a(ftpgetput.o)
 .text.pump_data_and_QUIT
                0x00000000000337d8       0x70 networking/lib.a(ftpgetput.o)
 .text.ftp_receive
                0x0000000000033848      0x1f4 networking/lib.a(ftpgetput.o)
 .text.ftp_send
                0x0000000000033a3c       0x74 networking/lib.a(ftpgetput.o)
 .text.ftpgetput_main
                0x0000000000033ab0      0x2b0 networking/lib.a(ftpgetput.o)
                0x0000000000033ab0                ftpgetput_main
 .text.do_sethostname
                0x0000000000033d60       0x8c networking/lib.a(hostname.o)
 .text.hostname_main
                0x0000000000033dec      0x190 networking/lib.a(hostname.o)
                0x0000000000033dec                hostname_main
 .text.scan_ip  0x0000000000033f7c       0xd8 networking/lib.a(httpd.o)
 .text.checkPermIP
                0x0000000000034054       0x5c networking/lib.a(httpd.o)
 .text.free_llist
                0x00000000000340b0       0x2c networking/lib.a(httpd.o)
 .text.parse_conf
                0x00000000000340dc      0x60c networking/lib.a(httpd.o)
 .text.sighup_handler
                0x00000000000346e8       0x10 networking/lib.a(httpd.o)
 .text.get_line
                0x00000000000346f8       0xac networking/lib.a(httpd.o)
 .text.check_user_passwd
                0x00000000000347a4      0x23c networking/lib.a(httpd.o)
 .text.log_and_exit
                0x00000000000349e0       0x44 networking/lib.a(httpd.o)
 .text.cgi_io_loop_and_exit
                0x0000000000034a24      0x274 networking/lib.a(httpd.o)
 .text.setenv1  0x0000000000034c98       0x18 networking/lib.a(httpd.o)
 .text.send_file_and_exit
                0x0000000000034cb0      0x3dc networking/lib.a(httpd.o)
 .text.send_headers
                0x000000000003508c      0x3e4 networking/lib.a(httpd.o)
 .text.send_headers_and_exit
                0x0000000000035470       0x20 networking/lib.a(httpd.o)
 .text.send_REQUEST_TIMEOUT_and_exit
                0x0000000000035490        0xc networking/lib.a(httpd.o)
 .text.send_cgi_and_exit
                0x000000000003549c      0x438 networking/lib.a(httpd.o)
 .text.handle_incoming_and_exit
                0x00000000000358d4      0xb6c networking/lib.a(httpd.o)
 .text.httpd_main
                0x0000000000036440      0x3c0 networking/lib.a(httpd.o)
                0x0000000000036440                httpd_main
 .text.ifconfig_main
                0x0000000000036800      0x4e4 networking/lib.a(ifconfig.o)
                0x0000000000036800                ifconfig_main
 .text.set_ifrname_and_do_ioctl
                0x0000000000036ce4       0x2c networking/lib.a(ifenslave.o)
 .text.set_if_down
                0x0000000000036d10       0x70 networking/lib.a(ifenslave.o)
 .text.get_if_settings
                0x0000000000036d80       0x54 networking/lib.a(ifenslave.o)
 .text.get_drv_info
                0x0000000000036dd4       0xfc networking/lib.a(ifenslave.o)
 .text.set_hwaddr
                0x0000000000036ed0       0x58 networking/lib.a(ifenslave.o)
 .text.enslave  0x0000000000036f28      0x334 networking/lib.a(ifenslave.o)
 .text.ifenslave_main
                0x000000000003725c      0x350 networking/lib.a(ifenslave.o)
                0x000000000003725c                ifenslave_main
 .text.read_pid
                0x00000000000375ac       0x68 networking/lib.a(ifplugd.o)
 .text.set_ifreq_to_ifname
                0x0000000000037614       0x28 networking/lib.a(ifplugd.o)
 .text.network_ioctl
                0x000000000003763c       0x44 networking/lib.a(ifplugd.o)
 .text.detect_link_iff
                0x0000000000037680       0x8c networking/lib.a(ifplugd.o)
 .text.detect_link_priv
                0x000000000003770c       0x98 networking/lib.a(ifplugd.o)
 .text.detect_link_mii
                0x00000000000377a4       0x98 networking/lib.a(ifplugd.o)
 .text.detect_link_ethtool
                0x000000000003783c       0x7c networking/lib.a(ifplugd.o)
 .text.check_existence_through_netlink
                0x00000000000378b8      0x188 networking/lib.a(ifplugd.o)
 .text.up_iface
                0x0000000000037a40       0xe0 networking/lib.a(ifplugd.o)
 .text.maybe_up_new_iface
                0x0000000000037b20       0x40 networking/lib.a(ifplugd.o)
 .text.detect_link
                0x0000000000037b60      0x12c networking/lib.a(ifplugd.o)
 .text.detect_link_wlan
                0x0000000000037c8c       0xe0 networking/lib.a(ifplugd.o)
 .text.run_script
                0x0000000000037d6c      0x13c networking/lib.a(ifplugd.o)
 .text.ifplugd_main
                0x0000000000037ea8      0x58c networking/lib.a(ifplugd.o)
                0x0000000000037ea8                ifplugd_main
 .text.manual_up_down6
                0x0000000000038434        0x8 networking/lib.a(ifupdown.o)
 .text.check    0x000000000003843c        0xc networking/lib.a(ifupdown.o)